Archive member included to satisfy reference by file (symbol)

D:\Funix\IOT302 - Tong quan ve IOT & Lap trinh C nhung cho vi dieu khien\SDK_1.0.3_NUCLEO-F401RE\lib_stm\libLibraries.a(system_stm32f4xx.o)
                              ./Src/main.o (SystemCoreClockUpdate)
D:\Funix\IOT302 - Tong quan ve IOT & Lap trinh C nhung cho vi dieu khien\SDK_1.0.3_NUCLEO-F401RE\lib_stm\libLibraries.a(misc.o)
                              ./Src/USART.o (NVIC_PriorityGroupConfig)
D:\Funix\IOT302 - Tong quan ve IOT & Lap trinh C nhung cho vi dieu khien\SDK_1.0.3_NUCLEO-F401RE\lib_stm\libLibraries.a(stm32f401re_gpio.o)
                              ./Src/USART.o (GPIO_Init)
D:\Funix\IOT302 - Tong quan ve IOT & Lap trinh C nhung cho vi dieu khien\SDK_1.0.3_NUCLEO-F401RE\lib_stm\libLibraries.a(stm32f401re_rcc.o)
                              ./Src/USART.o (RCC_AHB1PeriphClockCmd)
D:\Funix\IOT302 - Tong quan ve IOT & Lap trinh C nhung cho vi dieu khien\SDK_1.0.3_NUCLEO-F401RE\lib_stm\libLibraries.a(stm32f401re_usart.o)
                              ./Src/USART.o (USART_Init)
D:\Funix\IOT302 - Tong quan ve IOT & Lap trinh C nhung cho vi dieu khien\SDK_1.0.3_NUCLEO-F401RE\lib_stm\libLibraries.a(button.o)
                              ./Src/main.o (Button_Init)
D:\Funix\IOT302 - Tong quan ve IOT & Lap trinh C nhung cho vi dieu khien\SDK_1.0.3_NUCLEO-F401RE\lib_stm\libLibraries.a(eventbutton.o)
                              ./Src/main.o (EventButton_Init)
D:\Funix\IOT302 - Tong quan ve IOT & Lap trinh C nhung cho vi dieu khien\SDK_1.0.3_NUCLEO-F401RE\lib_stm\libLibraries.a(eventman.o)
                              ./Src/main.o (EventSchedulerInit)
D:\Funix\IOT302 - Tong quan ve IOT & Lap trinh C nhung cho vi dieu khien\SDK_1.0.3_NUCLEO-F401RE\lib_stm\libLibraries.a(timer.o)
                              ./Src/main.o (TimerInit)
D:\Funix\IOT302 - Tong quan ve IOT & Lap trinh C nhung cho vi dieu khien\SDK_1.0.3_NUCLEO-F401RE\lib_stm\libLibraries.a(serial.o)
                              D:\Funix\IOT302 - Tong quan ve IOT & Lap trinh C nhung cho vi dieu khien\SDK_1.0.3_NUCLEO-F401RE\lib_stm\libLibraries.a(eventbutton.o) (Serial_SendPacket)
D:\Funix\IOT302 - Tong quan ve IOT & Lap trinh C nhung cho vi dieu khien\SDK_1.0.3_NUCLEO-F401RE\lib_stm\libLibraries.a(Ucglib.o)
                              ./Src/LCD.o (Ucglib4WireSWSPI_begin)
D:\Funix\IOT302 - Tong quan ve IOT & Lap trinh C nhung cho vi dieu khien\SDK_1.0.3_NUCLEO-F401RE\lib_stm\libLibraries.a(ucg_box.o)
                              ./Src/LCD.o (ucg_ClearScreen)
D:\Funix\IOT302 - Tong quan ve IOT & Lap trinh C nhung cho vi dieu khien\SDK_1.0.3_NUCLEO-F401RE\lib_stm\libLibraries.a(ucg_ccs.o)
                              D:\Funix\IOT302 - Tong quan ve IOT & Lap trinh C nhung cho vi dieu khien\SDK_1.0.3_NUCLEO-F401RE\lib_stm\libLibraries.a(ucg_box.o) (ucg_ccs_init)
D:\Funix\IOT302 - Tong quan ve IOT & Lap trinh C nhung cho vi dieu khien\SDK_1.0.3_NUCLEO-F401RE\lib_stm\libLibraries.a(ucg_circle.o)
                              D:\Funix\IOT302 - Tong quan ve IOT & Lap trinh C nhung cho vi dieu khien\SDK_1.0.3_NUCLEO-F401RE\lib_stm\libLibraries.a(ucg_box.o) (ucg_DrawCircle)
D:\Funix\IOT302 - Tong quan ve IOT & Lap trinh C nhung cho vi dieu khien\SDK_1.0.3_NUCLEO-F401RE\lib_stm\libLibraries.a(ucg_dev_default_cb.o)
                              D:\Funix\IOT302 - Tong quan ve IOT & Lap trinh C nhung cho vi dieu khien\SDK_1.0.3_NUCLEO-F401RE\lib_stm\libLibraries.a(Ucglib.o) (ucg_dev_default_cb)
D:\Funix\IOT302 - Tong quan ve IOT & Lap trinh C nhung cho vi dieu khien\SDK_1.0.3_NUCLEO-F401RE\lib_stm\libLibraries.a(ucg_dev_ic_st7735.o)
                              D:\Funix\IOT302 - Tong quan ve IOT & Lap trinh C nhung cho vi dieu khien\SDK_1.0.3_NUCLEO-F401RE\lib_stm\libLibraries.a(Ucglib.o) (ucg_ext_st7735_18)
D:\Funix\IOT302 - Tong quan ve IOT & Lap trinh C nhung cho vi dieu khien\SDK_1.0.3_NUCLEO-F401RE\lib_stm\libLibraries.a(ucg_dev_msg_api.o)
                              D:\Funix\IOT302 - Tong quan ve IOT & Lap trinh C nhung cho vi dieu khien\SDK_1.0.3_NUCLEO-F401RE\lib_stm\libLibraries.a(ucg_box.o) (ucg_SetMaxClipRange)
D:\Funix\IOT302 - Tong quan ve IOT & Lap trinh C nhung cho vi dieu khien\SDK_1.0.3_NUCLEO-F401RE\lib_stm\libLibraries.a(ucg_dev_tft_128x128_st7735.o)
                              D:\Funix\IOT302 - Tong quan ve IOT & Lap trinh C nhung cho vi dieu khien\SDK_1.0.3_NUCLEO-F401RE\lib_stm\libLibraries.a(Ucglib.o) (ucg_dev_st7735_18x128x128)
D:\Funix\IOT302 - Tong quan ve IOT & Lap trinh C nhung cho vi dieu khien\SDK_1.0.3_NUCLEO-F401RE\lib_stm\libLibraries.a(ucg_font.o)
                              D:\Funix\IOT302 - Tong quan ve IOT & Lap trinh C nhung cho vi dieu khien\SDK_1.0.3_NUCLEO-F401RE\lib_stm\libLibraries.a(Ucglib.o) (ucg_SetFontMode)
D:\Funix\IOT302 - Tong quan ve IOT & Lap trinh C nhung cho vi dieu khien\SDK_1.0.3_NUCLEO-F401RE\lib_stm\libLibraries.a(ucg_init.o)
[...]
Memory Configuration

Name             Origin             Length             Attributes
RAM              0x0000000020000000 0x0000000000018000 xrw
FLASH            0x0000000008000000 0x0000000000080000 xr
*default*        0x0000000000000000 0xffffffffffffffff

Linker script and memory map

LOAD D:/IDE/STM32 Cude IDE/STM32CubeIDE_1.13.2/STM32CubeIDE/plugins/com.st.stm32cube.ide.mcu.externaltools.gnu-tools-for-stm32.11.3.rel1.win32_1.1.1.202309131626/tools/bin/../lib/gcc/arm-none-eabi/11.3.1/thumb/v7e-m+fp/hard/crti.o
LOAD D:/IDE/STM32 Cude IDE/STM32CubeIDE_1.13.2/STM32CubeIDE/plugins/com.st.stm32cube.ide.mcu.externaltools.gnu-tools-for-stm32.11.3.rel1.win32_1.1.1.202309131626/tools/bin/../lib/gcc/arm-none-eabi/11.3.1/thumb/v7e-m+fp/hard/crtbegin.o
LOAD D:/IDE/STM32 Cude IDE/STM32CubeIDE_1.13.2/STM32CubeIDE/plugins/com.st.stm32cube.ide.mcu.externaltools.gnu-tools-for-stm32.11.3.rel1.win32_1.1.1.202309131626/tools/bin/../lib/gcc/arm-none-eabi/11.3.1/../../../../arm-none-eabi/lib/thumb/v7e-m+fp/hard/crt0.o
LOAD ./Src/DeviceManager.o
LOAD ./Src/LCD.o
LOAD ./Src/Queue.o
LOAD ./Src/USART.o
LOAD ./Src/Utils.o
LOAD ./Src/main.o
LOAD ./Src/syscalls.o
LOAD ./Src/sysmem.o
LOAD ./Startup/startup_stm32f401retx.o
LOAD D:\Funix\IOT302 - Tong quan ve IOT & Lap trinh C nhung cho vi dieu khien\SDK_1.0.3_NUCLEO-F401RE\lib_stm\libLibraries.a
START GROUP
LOAD D:/IDE/STM32 Cude IDE/STM32CubeIDE_1.13.2/STM32CubeIDE/plugins/com.st.stm32cube.ide.mcu.externaltools.gnu-tools-for-stm32.11.3.rel1.win32_1.1.1.202309131626/tools/bin/../lib/gcc/arm-none-eabi/11.3.1/../../../../arm-none-eabi/lib/thumb/v7e-m+fp/hard\libc_nano.a
LOAD D:/IDE/STM32 Cude IDE/STM32CubeIDE_1.13.2/STM32CubeIDE/plugins/com.st.stm32cube.ide.mcu.externaltools.gnu-tools-for-stm32.11.3.rel1.win32_1.1.1.202309131626/tools/bin/../lib/gcc/arm-none-eabi/11.3.1/../../../../arm-none-eabi/lib/thumb/v7e-m+fp/hard\libm.a
END GROUP
START GROUP
LOAD D:/IDE/STM32 Cude IDE/STM32CubeIDE_1.13.2/STM32CubeIDE/plugins/com.st.stm32cube.ide.mcu.externaltools.gnu-tools-for-stm32.11.3.rel1.win32_1.1.1.202309131626/tools/bin/../lib/gcc/arm-none-eabi/11.3.1/thumb/v7e-m+fp/hard\libgcc.a
LOAD D:/IDE/STM32 Cude IDE/STM32CubeIDE_1.13.2/STM32CubeIDE/plugins/com.st.stm32cube.ide.mcu.externaltools.gnu-tools-for-stm32.11.3.rel1.win32_1.1.1.202309131626/tools/bin/../lib/gcc/arm-none-eabi/11.3.1/../../../../arm-none-eabi/lib/thumb/v7e-m+fp/hard\libc_nano.a
END GROUP
START GROUP
LOAD D:/IDE/STM32 Cude IDE/STM32CubeIDE_1.13.2/STM32CubeIDE/plugins/com.st.stm32cube.ide.mcu.externaltools.gnu-tools-for-stm32.11.3.rel1.win32_1.1.1.202309131626/tools/bin/../lib/gcc/arm-none-eabi/11.3.1/thumb/v7e-m+fp/hard\libgcc.a
LOAD D:/IDE/STM32 Cude IDE/STM32CubeIDE_1.13.2/STM32CubeIDE/plugins/com.st.stm32cube.ide.mcu.externaltools.gnu-tools-for-stm32.11.3.rel1.win32_1.1.1.202309131626/tools/bin/../lib/gcc/arm-none-eabi/11.3.1/../../../../arm-none-eabi/lib/thumb/v7e-m+fp/hard\libc_nano.a
LOAD D:/IDE/STM32 Cude IDE/STM32CubeIDE_1.13.2/STM32CubeIDE/plugins/com.st.stm32cube.ide.mcu.externaltools.gnu-tools-for-stm32.11.3.rel1.win32_1.1.1.202309131626/tools/bin/../lib/gcc/arm-none-eabi/11.3.1/../../../../arm-none-eabi/lib/thumb/v7e-m+fp/hard\libnosys.a
END GROUP
START GROUP
LOAD D:/IDE/STM32 Cude IDE/STM32CubeIDE_1.13.2/STM32CubeIDE/plugins/com.st.stm32cube.ide.mcu.externaltools.gnu-tools-for-stm32.11.3.rel1.win32_1.1.1.202309131626/tools/bin/../lib/gcc/arm-none-eabi/11.3.1/thumb/v7e-m+fp/hard\libgcc.a
LOAD D:/IDE/STM32 Cude IDE/STM32CubeIDE_1.13.2/STM32CubeIDE/plugins/com.st.stm32cube.ide.mcu.externaltools.gnu-tools-for-stm32.11.3.rel1.win32_1.1.1.202309131626/tools/bin/../lib/gcc/arm-none-eabi/11.3.1/../../../../arm-none-eabi/lib/thumb/v7e-m+fp/hard\libc_nano.a
LOAD D:/IDE/STM32 Cude IDE/STM32CubeIDE_1.13.2/STM32CubeIDE/plugins/com.st.stm32cube.ide.mcu.externaltools.gnu-tools-for-stm32.11.3.rel1.win32_1.1.1.202309131626/tools/bin/../lib/gcc/arm-none-eabi/11.3.1/../../../../arm-none-eabi/lib/thumb/v7e-m+fp/hard\libnosys.a
END GROUP
LOAD D:/IDE/STM32 Cude IDE/STM32CubeIDE_1.13.2/STM32CubeIDE/plugins/com.st.stm32cube.ide.mcu.externaltools.gnu-tools-for-stm32.11.3.rel1.win32_1.1.1.202309131626/tools/bin/../lib/gcc/arm-none-eabi/11.3.1/thumb/v7e-m+fp/hard/crtend.o
LOAD D:/IDE/STM32 Cude IDE/STM32CubeIDE_1.13.2/STM32CubeIDE/plugins/com.st.stm32cube.ide.mcu.externaltools.gnu-tools-for-stm32.11.3.rel1.win32_1.1.1.202309131626/tools/bin/../lib/gcc/arm-none-eabi/11.3.1/thumb/v7e-m+fp/hard/crtn.o
                0x0000000020018000                _estack = (ORIGIN (RAM) + LENGTH (RAM))
                0x0000000000000200                _Min_Heap_Size = 0x200
                0x0000000000000400                _Min_Stack_Size = 0x400

.isr_vector     0x0000000008000000      0x194
                0x0000000008000000                . = ALIGN (0x4)
 *(.isr_vector)
 .isr_vector    0x0000000008000000      0x194 ./Startup/startup_stm32f401retx.o
                0x0000000008000000                g_pfnVectors
                0x0000000008000194                . = ALIGN (0x4)

.text           0x00000000080001a0     0x53b4
                0x00000000080001a0                . = ALIGN (0x4)
 *(.text)
 .text          0x00000000080001a0       0x40 D:/IDE/STM32 Cude IDE/STM32CubeIDE_1.13.2/STM32CubeIDE/plugins/com.st.stm32cube.ide.mcu.externaltools.gnu-tools-for-stm32.11.3.rel1.win32_1.1.1.202309131626/tools/bin/../lib/gcc/arm-none-eabi/11.3.1/thumb/v7e-m+fp/hard/crtbegin.o
 .text          0x00000000080001e0       0xa0 D:/IDE/STM32 Cude IDE/STM32CubeIDE_1.13.2/STM32CubeIDE/plugins/com.st.stm32cube.ide.mcu.externaltools.gnu-tools-for-stm32.11.3.rel1.win32_1.1.1.202309131626/tools/bin/../lib/gcc/arm-none-eabi/11.3.1/../../../../arm-none-eabi/lib/thumb/v7e-m+fp/hard\libc_nano.a(libc_a-memchr.o)
                0x00000000080001e0                memchr
 *(.text*)
 .text.DeviceManager_DeviceInit
                0x0000000008000280       0x6c ./Src/DeviceManager.o
                0x0000000008000280                DeviceManager_DeviceInit
 .text.DeviceManager_GetDevice
                0x00000000080002ec       0x24 ./Src/DeviceManager.o
                0x00000000080002ec                DeviceManager_GetDevice
 .text.DeviceManager_SetDeviceOnline
                0x0000000008000310       0x24 ./Src/DeviceManager.o
                0x0000000008000310                DeviceManager_SetDeviceOnline
 .text.DeviceManager_SetDeviceOffline
                0x0000000008000334       0x24 ./Src/DeviceManager.o
                0x0000000008000334                DeviceManager_SetDeviceOffline
 .text.DeviceManager_SetDeviceLevel
                0x0000000008000358       0x30 ./Src/DeviceManager.o
                0x0000000008000358                DeviceManager_SetDeviceLevel
 .text.DeviceManager_UpdateLastTime
                0x0000000008000388       0x20 ./Src/DeviceManager.o
                0x0000000008000388                DeviceManager_UpdateLastTime
 .text.DeviceManager_Update
                0x00000000080003a8       0x90 ./Src/DeviceManager.o
                0x00000000080003a8                DeviceManager_Update
 .text.DeviceManager_IsUpdatePending
                0x0000000008000438       0x18 ./Src/DeviceManager.o
 .text.DeviceManager_SetUpdatePending
                0x0000000008000450       0x18 ./Src/DeviceManager.o
 .text.DeviceManager_ClearUpdatePending
                0x0000000008000468       0x18 ./Src/DeviceManager.o
 .text.LCD_Init
                0x0000000008000480       0x80 ./Src/LCD.o
                0x0000000008000480                LCD_Init
 .text.LCD_DisplayState
                0x0000000008000500       0x60 ./Src/LCD.o
                0x0000000008000500                LCD_DisplayState
 .text.LCD_DisplayLevel
                0x0000000008000560      0x1b8 ./Src/LCD.o
                0x0000000008000560                LCD_DisplayLevel
 .text.LCD_ClearScreen
                0x0000000008000718       0x14 ./Src/LCD.o
                0x0000000008000718                LCD_ClearScreen
 .text.Queue_Init
                0x000000000800072c       0x40 ./Src/Queue.o
                0x000000000800072c                Queue_Init
 .text.Queue_IsEmpty
                0x000000000800076c       0x26 ./Src/Queue.o
                0x000000000800076c                Queue_IsEmpty
 .text.Queue_EnQueue
                0x0000000008000792       0x40 ./Src/Queue.o
                0x0000000008000792                Queue_EnQueue
 .text.Queue_DeQueue
                0x00000000080007d2       0x58 ./Src/Queue.o
                0x00000000080007d2                Queue_DeQueue
 .text.Queue_GetFront
                0x000000000800082a       0x34 ./Src/Queue.o
                0x000000000800082a                Queue_GetFront
 *fill*         0x000000000800085e        0x2 
 .text.USART1_IRQHandler
                0x0000000008000860       0x48 ./Src/USART.o
                0x0000000008000860                USART1_IRQHandler
 .text.MyUSART_Init
                0x00000000080008a8       0x1a ./Src/USART.o
                0x00000000080008a8                MyUSART_Init
 .text.USART_SendFrame
                0x00000000080008c2       0x98 ./Src/USART.o
                0x00000000080008c2                USART_SendFrame
 *fill*         0x000000000800095a        0x2 
 .text.USART_GenerateFrame
                0x000000000800095c       0xb8 ./Src/USART.o
                0x000000000800095c                USART_GenerateFrame
 .text.USART_GenerateDeviceConnected
                0x0000000008000a14       0x2a ./Src/USART.o
                0x0000000008000a14                USART_GenerateDeviceConnected
 .text.USART_GenerateLevelControl
                0x0000000008000a3e       0x98 ./Src/USART.o
                0x0000000008000a3e                USART_GenerateLevelControl
 .text.USART_GenerateDeviceReport
                0x0000000008000ad6       0x2a ./Src/USART.o
                0x0000000008000ad6                USART_GenerateDeviceReport
 .text.USART_SendByte
                0x0000000008000b00       0x44 ./Src/USART.o
 .text.CalcXor  0x0000000008000b44       0x8c ./Src/USART.o
 .text.CheckXor
                0x0000000008000bd0       0x2c ./Src/USART.o
 .text.PollRxBuffer
                0x0000000008000bfc      0x1b4 ./Src/USART.o
 .text.ProcessSerialReceiver
                0x0000000008000db0       0x48 ./Src/USART.o
 .text.USART1_Init
                0x0000000008000df8       0xf4 ./Src/USART.o
 .text.USART6_Init
                0x0000000008000eec       0x7c ./Src/USART.o
 .text.Timer_CalcTimeDiff
                0x0000000008000f68       0x2e ./Src/Utils.o
                0x0000000008000f68                Timer_CalcTimeDiff
 .text.main     0x0000000008000f96       0x12 ./Src/main.o
                0x0000000008000f96                main
 .text.Main_AppCommonInit
                0x0000000008000fa8       0x54 ./Src/main.o
 .text.Main_UsartHandler
                0x0000000008000ffc       0x3c ./Src/main.o
 .text.Main_DeviceStateMachine
                0x0000000008001038       0x52 ./Src/main.o
 .text.Main_DeviceManaging
                0x000000000800108a       0x54 ./Src/main.o
 *fill*         0x00000000080010de        0x2 
 .text._sbrk    0x00000000080010e0       0x6c ./Src/sysmem.o
                0x00000000080010e0                _sbrk
 .text.Reset_Handler
                0x000000000800114c       0x50 ./Startup/startup_stm32f401retx.o
                0x000000000800114c                Reset_Handler
 .text.Default_Handler
                0x000000000800119c        0x2 ./Startup/startup_stm32f401retx.o
                0x000000000800119c                EXTI2_IRQHandler
                0x000000000800119c                DebugMon_Handler
                0x000000000800119c                SPI4_IRQHandler
                0x000000000800119c                TIM1_CC_IRQHandler
                0x000000000800119c                DMA2_Stream5_IRQHandler
                0x000000000800119c                HardFault_Handler
                0x000000000800119c                DMA1_Stream5_IRQHandler
                0x000000000800119c                SDIO_IRQHandler
                0x000000000800119c                TAMP_STAMP_IRQHandler
                0x000000000800119c                PendSV_Handler
                0x000000000800119c                NMI_Handler
                0x000000000800119c                EXTI3_IRQHandler
                0x000000000800119c                TIM1_UP_TIM10_IRQHandler
                0x000000000800119c                I2C3_ER_IRQHandler
                0x000000000800119c                EXTI18_OTG_FS_WKUP_IRQHandler
                0x000000000800119c                EXTI0_IRQHandler
                0x000000000800119c                I2C2_EV_IRQHandler
                0x000000000800119c                DMA1_Stream2_IRQHandler
                0x000000000800119c                UsageFault_Handler
                0x000000000800119c                DMA2_Stream2_IRQHandler
                0x000000000800119c                SPI1_IRQHandler
                0x000000000800119c                TIM1_BRK_TIM9_IRQHandler
                0x000000000800119c                DMA2_Stream3_IRQHandler
                0x000000000800119c                USART6_IRQHandler
                0x000000000800119c                DMA2_Stream0_IRQHandler
                0x000000000800119c                TIM4_IRQHandler
                0x000000000800119c                I2C1_EV_IRQHandler
                0x000000000800119c                DMA1_Stream6_IRQHandler
                0x000000000800119c                DMA1_Stream1_IRQHandler
                0x000000000800119c                TIM3_IRQHandler
                0x000000000800119c                RCC_IRQHandler
                0x000000000800119c                Default_Handler
                0x000000000800119c                EXTI15_10_IRQHandler
                0x000000000800119c                ADC_IRQHandler
                0x000000000800119c                DMA1_Stream7_IRQHandler
                0x000000000800119c                TIM5_IRQHandler
                0x000000000800119c                DMA2_Stream7_IRQHandler
                0x000000000800119c                I2C3_EV_IRQHandler
                0x000000000800119c                EXTI9_5_IRQHandler
                0x000000000800119c                SPI2_IRQHandler
                0x000000000800119c                MemManage_Handler
                0x000000000800119c                DMA1_Stream0_IRQHandler
                0x000000000800119c                SVC_Handler
                0x000000000800119c                EXTI4_IRQHandler
                0x000000000800119c                EXTI22_RTC_WKUP_IRQHandler
                0x000000000800119c                TIM2_IRQHandler
                0x000000000800119c                EXTI16_PVD_IRQHandler
                0x000000000800119c                TIM1_TRG_COM_TIM11_IRQHandler
                0x000000000800119c                USART2_Custom_IRQHandler
                0x000000000800119c                EXTI1_IRQHandler
                0x000000000800119c                EXTI17_RTC_Alarm_IRQHandler
                0x000000000800119c                I2C2_ER_IRQHandler
                0x000000000800119c                DMA2_Stream1_IRQHandler
                0x000000000800119c                FLASH_IRQHandler
                0x000000000800119c                DMA2_Stream4_IRQHandler
                0x000000000800119c                BusFault_Handler
                0x000000000800119c                OTG_FS_IRQHandler
                0x000000000800119c                SPI3_IRQHandler
                0x000000000800119c                DMA1_Stream4_IRQHandler
                0x000000000800119c                I2C1_ER_IRQHandler
                0x000000000800119c                DMA2_Stream6_IRQHandler
                0x000000000800119c                DMA1_Stream3_IRQHandler
 *fill*         0x000000000800119e        0x2 
 .text.SystemInit
                0x00000000080011a0       0x6c D:\Funix\IOT302 - Tong quan ve IOT & Lap trinh C nhung cho vi dieu khien\SDK_1.0.3_NUCLEO-F401RE\lib_stm\libLibraries.a(system_stm32f4xx.o)
                0x00000000080011a0                SystemInit
 .text.SystemCoreClockUpdate
                0x000000000800120c       0xf8 D:\Funix\IOT302 - Tong quan ve IOT & Lap trinh C nhung cho vi dieu khien\SDK_1.0.3_NUCLEO-F401RE\lib_stm\libLibraries.a(system_stm32f4xx.o)
                0x000000000800120c                SystemCoreClockUpdate
 .text.SetSysClock
                0x0000000008001304       0xa0 D:\Funix\IOT302 - Tong quan ve IOT & Lap trinh C nhung cho vi dieu khien\SDK_1.0.3_NUCLEO-F401RE\lib_stm\libLibraries.a(system_stm32f4xx.o)
 .text.NVIC_PriorityGroupConfig
                0x00000000080013a4       0x28 D:\Funix\IOT302 - Tong quan ve IOT & Lap trinh C nhung cho vi dieu khien\SDK_1.0.3_NUCLEO-F401RE\lib_stm\libLibraries.a(misc.o)
                0x00000000080013a4                NVIC_PriorityGroupConfig
 .text.NVIC_Init
                0x00000000080013cc       0xc4 D:\Funix\IOT302 - Tong quan ve IOT & Lap trinh C nhung cho vi dieu khien\SDK_1.0.3_NUCLEO-F401RE\lib_stm\libLibraries.a(misc.o)
                0x00000000080013cc                NVIC_Init
 .text.GPIO_Init
                0x0000000008001490      0x11c D:\Funix\IOT302 - Tong quan ve IOT & Lap trinh C nhung cho vi dieu khien\SDK_1.0.3_NUCLEO-F401RE\lib_stm\libLibraries.a(stm32f401re_gpio.o)
                0x0000000008001490                GPIO_Init
 .text.GPIO_ReadInputDataBit
                0x00000000080015ac       0x34 D:\Funix\IOT302 - Tong quan ve IOT & Lap trinh C nhung cho vi dieu khien\SDK_1.0.3_NUCLEO-F401RE\lib_stm\libLibraries.a(stm32f401re_gpio.o)
                0x00000000080015ac                GPIO_ReadInputDataBit
 .text.GPIO_WriteBit
                0x00000000080015e0       0x30 D:\Funix\IOT302 - Tong quan ve IOT & Lap trinh C nhung cho vi dieu khien\SDK_1.0.3_NUCLEO-F401RE\lib_stm\libLibraries.a(stm32f401re_gpio.o)
                0x00000000080015e0                GPIO_WriteBit
 .text.GPIO_PinAFConfig
                0x0000000008001610       0x92 D:\Funix\IOT302 - Tong quan ve IOT & Lap trinh C nhung cho vi dieu khien\SDK_1.0.3_NUCLEO-F401RE\lib_stm\libLibraries.a(stm32f401re_gpio.o)
                0x0000000008001610                GPIO_PinAFConfig
 *fill*         0x00000000080016a2        0x2 
 .text.RCC_GetClocksFreq
                0x00000000080016a4      0x150 D:\Funix\IOT302 - Tong quan ve IOT & Lap trinh C nhung cho vi dieu khien\SDK_1.0.3_NUCLEO-F401RE\lib_stm\libLibraries.a(stm32f401re_rcc.o)
                0x00000000080016a4                RCC_GetClocksFreq
 .text.RCC_AHB1PeriphClockCmd
                0x00000000080017f4       0x40 D:\Funix\IOT302 - Tong quan ve IOT & Lap trinh C nhung cho vi dieu khien\SDK_1.0.3_NUCLEO-F401RE\lib_stm\libLibraries.a(stm32f401re_rcc.o)
                0x00000000080017f4                RCC_AHB1PeriphClockCmd
 .text.RCC_APB2PeriphClockCmd
                0x0000000008001834       0x40 D:\Funix\IOT302 - Tong quan ve IOT & Lap trinh C nhung cho vi dieu khien\SDK_1.0.3_NUCLEO-F401RE\lib_stm\libLibraries.a(stm32f401re_rcc.o)
                0x0000000008001834                RCC_APB2PeriphClockCmd
 .text.USART_Init
                0x0000000008001874      0x174 D:\Funix\IOT302 - Tong quan ve IOT & Lap trinh C nhung cho vi dieu khien\SDK_1.0.3_NUCLEO-F401RE\lib_stm\libLibraries.a(stm32f401re_usart.o)
                0x0000000008001874                USART_Init
 .text.USART_Cmd
                0x00000000080019e8       0x40 D:\Funix\IOT302 - Tong quan ve IOT & Lap trinh C nhung cho vi dieu khien\SDK_1.0.3_NUCLEO-F401RE\lib_stm\libLibraries.a(stm32f401re_usart.o)
                0x00000000080019e8                USART_Cmd
 .text.USART_SendData
                0x0000000008001a28       0x24 D:\Funix\IOT302 - Tong quan ve IOT & Lap trinh C nhung cho vi dieu khien\SDK_1.0.3_NUCLEO-F401RE\lib_stm\libLibraries.a(stm32f401re_usart.o)
                0x0000000008001a28                USART_SendData
 .text.USART_ReceiveData
                0x0000000008001a4c       0x20 D:\Funix\IOT302 - Tong quan ve IOT & Lap trinh C nhung cho vi dieu khien\SDK_1.0.3_NUCLEO-F401RE\lib_stm\libLibraries.a(stm32f401re_usart.o)
                0x0000000008001a4c                USART_ReceiveData
 .text.USART_ITConfig
                0x0000000008001a6c       0x90 D:\Funix\IOT302 - Tong quan ve IOT & Lap trinh C nhung cho vi dieu khien\SDK_1.0.3_NUCLEO-F401RE\lib_stm\libLibraries.a(stm32f401re_usart.o)
                0x0000000008001a6c                USART_ITConfig
 .text.USART_GetFlagStatus
                0x0000000008001afc       0x38 D:\Funix\IOT302 - Tong quan ve IOT & Lap trinh C nhung cho vi dieu khien\SDK_1.0.3_NUCLEO-F401RE\lib_stm\libLibraries.a(stm32f401re_usart.o)
                0x0000000008001afc                USART_GetFlagStatus
 .text.USART_GetITStatus
                0x0000000008001b34       0xb6 D:\Funix\IOT302 - Tong quan ve IOT & Lap trinh C nhung cho vi dieu khien\SDK_1.0.3_NUCLEO-F401RE\lib_stm\libLibraries.a(stm32f401re_usart.o)
                0x0000000008001b34                USART_GetITStatus
 .text.USART_ClearITPendingBit
                0x0000000008001bea       0x3a D:\Funix\IOT302 - Tong quan ve IOT & Lap trinh C nhung cho vi dieu khien\SDK_1.0.3_NUCLEO-F401RE\lib_stm\libLibraries.a(stm32f401re_usart.o)
                0x0000000008001bea                USART_ClearITPendingBit
 .text.Button_Init
                0x0000000008001c24       0xbc D:\Funix\IOT302 - Tong quan ve IOT & Lap trinh C nhung cho vi dieu khien\SDK_1.0.3_NUCLEO-F401RE\lib_stm\libLibraries.a(button.o)
                0x0000000008001c24                Button_Init
 .text.Button_SetMode
                0x0000000008001ce0       0x3c D:\Funix\IOT302 - Tong quan ve IOT & Lap trinh C nhung cho vi dieu khien\SDK_1.0.3_NUCLEO-F401RE\lib_stm\libLibraries.a(button.o)
                0x0000000008001ce0                Button_SetMode
 .text.Button_RegisterEventCallback
                0x0000000008001d1c       0x28 D:\Funix\IOT302 - Tong quan ve IOT & Lap trinh C nhung cho vi dieu khien\SDK_1.0.3_NUCLEO-F401RE\lib_stm\libLibraries.a(button.o)
                0x0000000008001d1c                Button_RegisterEventCallback
 .text.ButtonScanTypeEdge
                0x0000000008001d44      0x1fc D:\Funix\IOT302 - Tong quan ve IOT & Lap trinh C nhung cho vi dieu khien\SDK_1.0.3_NUCLEO-F401RE\lib_stm\libLibraries.a(button.o)
 .text.ButtonScan
                0x0000000008001f40       0x4c D:\Funix\IOT302 - Tong quan ve IOT & Lap trinh C nhung cho vi dieu khien\SDK_1.0.3_NUCLEO-F401RE\lib_stm\libLibraries.a(button.o)
 .text.BTNGPIO_Init
                0x0000000008001f8c       0x6c D:\Funix\IOT302 - Tong quan ve IOT & Lap trinh C nhung cho vi dieu khien\SDK_1.0.3_NUCLEO-F401RE\lib_stm\libLibraries.a(button.o)
 .text.EventButton_Init
                0x0000000008001ff8       0x6c D:\Funix\IOT302 - Tong quan ve IOT & Lap trinh C nhung cho vi dieu khien\SDK_1.0.3_NUCLEO-F401RE\lib_stm\libLibraries.a(eventbutton.o)
                0x0000000008001ff8                EventButton_Init
 .text.ButtonProcessEventEdge
                0x0000000008002064       0x34 D:\Funix\IOT302 - Tong quan ve IOT & Lap trinh C nhung cho vi dieu khien\SDK_1.0.3_NUCLEO-F401RE\lib_stm\libLibraries.a(eventbutton.o)
 .text.ButtonProcessEventPress
                0x0000000008002098       0x48 D:\Funix\IOT302 - Tong quan ve IOT & Lap trinh C nhung cho vi dieu khien\SDK_1.0.3_NUCLEO-F401RE\lib_stm\libLibraries.a(eventbutton.o)
 .text.ButtonProcessEventHold
                0x00000000080020e0       0x5e D:\Funix\IOT302 - Tong quan ve IOT & Lap trinh C nhung cho vi dieu khien\SDK_1.0.3_NUCLEO-F401RE\lib_stm\libLibraries.a(eventbutton.o)
 .text.ButtonProcessEventRelease
                0x000000000800213e       0x5e D:\Funix\IOT302 - Tong quan ve IOT & Lap trinh C nhung cho vi dieu khien\SDK_1.0.3_NUCLEO-F401RE\lib_stm\libLibraries.a(eventbutton.o)
 .text.EventSchedulerInit
                0x000000000800219c       0x38 D:\Funix\IOT302 - Tong quan ve IOT & Lap trinh C nhung cho vi dieu khien\SDK_1.0.3_NUCLEO-F401RE\lib_stm\libLibraries.a(eventman.o)
                0x000000000800219c                EventSchedulerInit
 .text.EventSchedulerAdd
                0x00000000080021d4       0x2c D:\Funix\IOT302 - Tong quan ve IOT & Lap trinh C nhung cho vi dieu khien\SDK_1.0.3_NUCLEO-F401RE\lib_stm\libLibraries.a(eventman.o)
                0x00000000080021d4                EventSchedulerAdd
 .text.processEventScheduler
                0x0000000008002200       0x38 D:\Funix\IOT302 - Tong quan ve IOT & Lap trinh C nhung cho vi dieu khien\SDK_1.0.3_NUCLEO-F401RE\lib_stm\libLibraries.a(eventman.o)
                0x0000000008002200                processEventScheduler
 .text.NVIC_SetPriority
                0x0000000008002238       0x54 D:\Funix\IOT302 - Tong quan ve IOT & Lap trinh C nhung cho vi dieu khien\SDK_1.0.3_NUCLEO-F401RE\lib_stm\libLibraries.a(timer.o)
 .text.SysTick_Config
                0x000000000800228c       0x44 D:\Funix\IOT302 - Tong quan ve IOT & Lap trinh C nhung cho vi dieu khien\SDK_1.0.3_NUCLEO-F401RE\lib_stm\libLibraries.a(timer.o)
 .text.TimerInit
                0x00000000080022d0       0x44 D:\Funix\IOT302 - Tong quan ve IOT & Lap trinh C nhung cho vi dieu khien\SDK_1.0.3_NUCLEO-F401RE\lib_stm\libLibraries.a(timer.o)
                0x00000000080022d0                TimerInit
 .text.TimerStart
                0x0000000008002314       0xc4 D:\Funix\IOT302 - Tong quan ve IOT & Lap trinh C nhung cho vi dieu khien\SDK_1.0.3_NUCLEO-F401RE\lib_stm\libLibraries.a(timer.o)
                0x0000000008002314                TimerStart
 .text.TimerStop
                0x00000000080023d8       0xa0 D:\Funix\IOT302 - Tong quan ve IOT & Lap trinh C nhung cho vi dieu khien\SDK_1.0.3_NUCLEO-F401RE\lib_stm\libLibraries.a(timer.o)
                0x00000000080023d8                TimerStop
 .text.GetMilSecTick
                0x0000000008002478       0x18 D:\Funix\IOT302 - Tong quan ve IOT & Lap trinh C nhung cho vi dieu khien\SDK_1.0.3_NUCLEO-F401RE\lib_stm\libLibraries.a(timer.o)
                0x0000000008002478                GetMilSecTick
 .text.processTimerScheduler
                0x0000000008002490       0xf0 D:\Funix\IOT302 - Tong quan ve IOT & Lap trinh C nhung cho vi dieu khien\SDK_1.0.3_NUCLEO-F401RE\lib_stm\libLibraries.a(timer.o)
                0x0000000008002490                processTimerScheduler
 .text.TimeExpired
                0x0000000008002580       0xcc D:\Funix\IOT302 - Tong quan ve IOT & Lap trinh C nhung cho vi dieu khien\SDK_1.0.3_NUCLEO-F401RE\lib_stm\libLibraries.a(timer.o)
 .text.SysTick_Handler
                0x000000000800264c       0x1c D:\Funix\IOT302 - Tong quan ve IOT & Lap trinh C nhung cho vi dieu khien\SDK_1.0.3_NUCLEO-F401RE\lib_stm\libLibraries.a(timer.o)
                0x000000000800264c                SysTick_Handler
 .text.delayMicroseconds
                0x0000000008002668       0x14 D:\Funix\IOT302 - Tong quan ve IOT & Lap trinh C nhung cho vi dieu khien\SDK_1.0.3_NUCLEO-F401RE\lib_stm\libLibraries.a(Ucglib.o)
 .text.ucg_gpio_init
                0x000000000800267c       0x60 D:\Funix\IOT302 - Tong quan ve IOT & Lap trinh C nhung cho vi dieu khien\SDK_1.0.3_NUCLEO-F401RE\lib_stm\libLibraries.a(Ucglib.o)
 .text.ucg_com_arduino_send_generic_SW_SPI
                0x00000000080026dc       0x74 D:\Funix\IOT302 - Tong quan ve IOT & Lap trinh C nhung cho vi dieu khien\SDK_1.0.3_NUCLEO-F401RE\lib_stm\libLibraries.a(Ucglib.o)
 .text.ucg_com_arduino_generic_SW_SPI
                0x0000000008002750      0x1ec D:\Funix\IOT302 - Tong quan ve IOT & Lap trinh C nhung cho vi dieu khien\SDK_1.0.3_NUCLEO-F401RE\lib_stm\libLibraries.a(Ucglib.o)
 .text.Ucglib4WireSWSPI_begin
                0x000000000800293c       0x38 D:\Funix\IOT302 - Tong quan ve IOT & Lap trinh C nhung cho vi dieu khien\SDK_1.0.3_NUCLEO-F401RE\lib_stm\libLibraries.a(Ucglib.o)
                0x000000000800293c                Ucglib4WireSWSPI_begin
 .text.ucg_DrawBox
                0x0000000008002974       0x56 D:\Funix\IOT302 - Tong quan ve IOT & Lap trinh C nhung cho vi dieu khien\SDK_1.0.3_NUCLEO-F401RE\lib_stm\libLibraries.a(ucg_box.o)
                0x0000000008002974                ucg_DrawBox
 .text.ucg_ClearScreen
                0x00000000080029ca       0x50 D:\Funix\IOT302 - Tong quan ve IOT & Lap trinh C nhung cho vi dieu khien\SDK_1.0.3_NUCLEO-F401RE\lib_stm\libLibraries.a(ucg_box.o)
                0x00000000080029ca                ucg_ClearScreen
 .text.ucg_ccs_init
                0x0000000008002a1a       0xc0 D:\Funix\IOT302 - Tong quan ve IOT & Lap trinh C nhung cho vi dieu khien\SDK_1.0.3_NUCLEO-F401RE\lib_stm\libLibraries.a(ucg_ccs.o)
                0x0000000008002a1a                ucg_ccs_init
 .text.ucg_ccs_step
                0x0000000008002ada       0x80 D:\Funix\IOT302 - Tong quan ve IOT & Lap trinh C nhung cho vi dieu khien\SDK_1.0.3_NUCLEO-F401RE\lib_stm\libLibraries.a(ucg_ccs.o)
                0x0000000008002ada                ucg_ccs_step
 .text.ucg_ccs_seek
                0x0000000008002b5a       0xca D:\Funix\IOT302 - Tong quan ve IOT & Lap trinh C nhung cho vi dieu khien\SDK_1.0.3_NUCLEO-F401RE\lib_stm\libLibraries.a(ucg_ccs.o)
                0x0000000008002b5a                ucg_ccs_seek
 .text.ucg_dev_default_cb
                0x0000000008002c24       0x44 D:\Funix\IOT302 - Tong quan ve IOT & Lap trinh C nhung cho vi dieu khien\SDK_1.0.3_NUCLEO-F401RE\lib_stm\libLibraries.a(ucg_dev_default_cb.o)
                0x0000000008002c24                ucg_dev_default_cb
 .text.ucg_ext_none
                0x0000000008002c68       0x1c D:\Funix\IOT302 - Tong quan ve IOT & Lap trinh C nhung cho vi dieu khien\SDK_1.0.3_NUCLEO-F401RE\lib_stm\libLibraries.a(ucg_dev_default_cb.o)
                0x0000000008002c68                ucg_ext_none
 .text.ucg_handle_st7735_l90fx
                0x0000000008002c84       0xd8 D:\Funix\IOT302 - Tong quan ve IOT & Lap trinh C nhung cho vi dieu khien\SDK_1.0.3_NUCLEO-F401RE\lib_stm\libLibraries.a(ucg_dev_ic_st7735.o)
                0x0000000008002c84                ucg_handle_st7735_l90fx
 .text.ucg_handle_st7735_l90se
                0x0000000008002d5c      0x154 D:\Funix\IOT302 - Tong quan ve IOT & Lap trinh C nhung cho vi dieu khien\SDK_1.0.3_NUCLEO-F401RE\lib_stm\libLibraries.a(ucg_dev_ic_st7735.o)
                0x0000000008002d5c                ucg_handle_st7735_l90se
 .text.ucg_dev_ic_st7735_18
                0x0000000008002eb0       0xf8 D:\Funix\IOT302 - Tong quan ve IOT & Lap trinh C nhung cho vi dieu khien\SDK_1.0.3_NUCLEO-F401RE\lib_stm\libLibraries.a(ucg_dev_ic_st7735.o)
                0x0000000008002eb0                ucg_dev_ic_st7735_18
 .text.ucg_ext_st7735_18
                0x0000000008002fa8       0x28 D:\Funix\IOT302 - Tong quan ve IOT & Lap trinh C nhung cho vi dieu khien\SDK_1.0.3_NUCLEO-F401RE\lib_stm\libLibraries.a(ucg_dev_ic_st7735.o)
                0x0000000008002fa8                ucg_ext_st7735_18
 .text.ucg_PowerDown
                0x0000000008002fd0       0x34 D:\Funix\IOT302 - Tong quan ve IOT & Lap trinh C nhung cho vi dieu khien\SDK_1.0.3_NUCLEO-F401RE\lib_stm\libLibraries.a(ucg_dev_msg_api.o)
                0x0000000008002fd0                ucg_PowerDown
 .text.ucg_PowerUp
                0x0000000008003004       0x3c D:\Funix\IOT302 - Tong quan ve IOT & Lap trinh C nhung cho vi dieu khien\SDK_1.0.3_NUCLEO-F401RE\lib_stm\libLibraries.a(ucg_dev_msg_api.o)
                0x0000000008003004                ucg_PowerUp
 .text.ucg_SetClipBox
                0x0000000008003040       0x1e D:\Funix\IOT302 - Tong quan ve IOT & Lap trinh C nhung cho vi dieu khien\SDK_1.0.3_NUCLEO-F401RE\lib_stm\libLibraries.a(ucg_dev_msg_api.o)
                0x0000000008003040                ucg_SetClipBox
 .text.ucg_SetMaxClipRange
                0x000000000800305e       0x30 D:\Funix\IOT302 - Tong quan ve IOT & Lap trinh C nhung cho vi dieu khien\SDK_1.0.3_NUCLEO-F401RE\lib_stm\libLibraries.a(ucg_dev_msg_api.o)
                0x000000000800305e                ucg_SetMaxClipRange
 .text.ucg_GetDimension
                0x000000000800308e       0x24 D:\Funix\IOT302 - Tong quan ve IOT & Lap trinh C nhung cho vi dieu khien\SDK_1.0.3_NUCLEO-F401RE\lib_stm\libLibraries.a(ucg_dev_msg_api.o)
                0x000000000800308e                ucg_GetDimension
 .text.ucg_DrawL90FXWithArg
                0x00000000080030b2       0x1e D:\Funix\IOT302 - Tong quan ve IOT & Lap trinh C nhung cho vi dieu khien\SDK_1.0.3_NUCLEO-F401RE\lib_stm\libLibraries.a(ucg_dev_msg_api.o)
                0x00000000080030b2                ucg_DrawL90FXWithArg
 .text.ucg_dev_st7735_18x128x128
                0x00000000080030d0       0x80 D:\Funix\IOT302 - Tong quan ve IOT & Lap trinh C nhung cho vi dieu khien\SDK_1.0.3_NUCLEO-F401RE\lib_stm\libLibraries.a(ucg_dev_tft_128x128_st7735.o)
                0x00000000080030d0                ucg_dev_st7735_18x128x128
 .text.ucg_font_get_byte
                0x0000000008003150       0x24 D:\Funix\IOT302 - Tong quan ve IOT & Lap trinh C nhung cho vi dieu khien\SDK_1.0.3_NUCLEO-F401RE\lib_stm\libLibraries.a(ucg_font.o)
 .text.ucg_font_get_word
                0x0000000008003174       0x40 D:\Funix\IOT302 - Tong quan ve IOT & Lap trinh C nhung cho vi dieu khien\SDK_1.0.3_NUCLEO-F401RE\lib_stm\libLibraries.a(ucg_font.o)
 .text.ucg_read_font_info
                0x00000000080031b4      0x142 D:\Funix\IOT302 - Tong quan ve IOT & Lap trinh C nhung cho vi dieu khien\SDK_1.0.3_NUCLEO-F401RE\lib_stm\libLibraries.a(ucg_font.o)
                0x00000000080031b4                ucg_read_font_info
 .text.ucg_font_decode_get_unsigned_bits
                0x00000000080032f6       0x96 D:\Funix\IOT302 - Tong quan ve IOT & Lap trinh C nhung cho vi dieu khien\SDK_1.0.3_NUCLEO-F401RE\lib_stm\libLibraries.a(ucg_font.o)
                0x00000000080032f6                ucg_font_decode_get_unsigned_bits
 .text.ucg_font_decode_get_signed_bits
                0x000000000800338c       0x46 D:\Funix\IOT302 - Tong quan ve IOT & Lap trinh C nhung cho vi dieu khien\SDK_1.0.3_NUCLEO-F401RE\lib_stm\libLibraries.a(ucg_font.o)
                0x000000000800338c                ucg_font_decode_get_signed_bits
 .text.ucg_add_vector_y
                0x00000000080033d2       0x7a D:\Funix\IOT302 - Tong quan ve IOT & Lap trinh C nhung cho vi dieu khien\SDK_1.0.3_NUCLEO-F401RE\lib_stm\libLibraries.a(ucg_font.o)
 .text.ucg_add_vector_x
                0x000000000800344c       0x7a D:\Funix\IOT302 - Tong quan ve IOT & Lap trinh C nhung cho vi dieu khien\SDK_1.0.3_NUCLEO-F401RE\lib_stm\libLibraries.a(ucg_font.o)
 .text.ucg_font_decode_len
                0x00000000080034c6      0x118 D:\Funix\IOT302 - Tong quan ve IOT & Lap trinh C nhung cho vi dieu khien\SDK_1.0.3_NUCLEO-F401RE\lib_stm\libLibraries.a(ucg_font.o)
                0x00000000080034c6                ucg_font_decode_len
 .text.ucg_font_setup_decode
                0x00000000080035de       0x64 D:\Funix\IOT302 - Tong quan ve IOT & Lap trinh C nhung cho vi dieu khien\SDK_1.0.3_NUCLEO-F401RE\lib_stm\libLibraries.a(ucg_font.o)
 .text.ucg_font_decode_glyph
                0x0000000008003642      0x14c D:\Funix\IOT302 - Tong quan ve IOT & Lap trinh C nhung cho vi dieu khien\SDK_1.0.3_NUCLEO-F401RE\lib_stm\libLibraries.a(ucg_font.o)
                0x0000000008003642                ucg_font_decode_glyph
 .text.ucg_font_get_glyph_data
                0x000000000800378e       0x7a D:\Funix\IOT302 - Tong quan ve IOT & Lap trinh C nhung cho vi dieu khien\SDK_1.0.3_NUCLEO-F401RE\lib_stm\libLibraries.a(ucg_font.o)
                0x000000000800378e                ucg_font_get_glyph_data
 .text.ucg_font_draw_glyph
                0x0000000008003808       0x62 D:\Funix\IOT302 - Tong quan ve IOT & Lap trinh C nhung cho vi dieu khien\SDK_1.0.3_NUCLEO-F401RE\lib_stm\libLibraries.a(ucg_font.o)
                0x0000000008003808                ucg_font_draw_glyph
 .text.ucg_SetFontMode
                0x000000000800386a       0x20 D:\Funix\IOT302 - Tong quan ve IOT & Lap trinh C nhung cho vi dieu khien\SDK_1.0.3_NUCLEO-F401RE\lib_stm\libLibraries.a(ucg_font.o)
                0x000000000800386a                ucg_SetFontMode
 *fill*         0x000000000800388a        0x2 
 .text.ucg_DrawGlyph
                0x000000000800388c       0xb0 D:\Funix\IOT302 - Tong quan ve IOT & Lap trinh C nhung cho vi dieu khien\SDK_1.0.3_NUCLEO-F401RE\lib_stm\libLibraries.a(ucg_font.o)
                0x000000000800388c                ucg_DrawGlyph
 .text.task_drawString
                0x000000000800393c      0x138 D:\Funix\IOT302 - Tong quan ve IOT & Lap trinh C nhung cho vi dieu khien\SDK_1.0.3_NUCLEO-F401RE\lib_stm\libLibraries.a(ucg_font.o)
                0x000000000800393c                task_drawString
 .text.ucg_DrawString
                0x0000000008003a74       0x78 D:\Funix\IOT302 - Tong quan ve IOT & Lap trinh C nhung cho vi dieu khien\SDK_1.0.3_NUCLEO-F401RE\lib_stm\libLibraries.a(ucg_font.o)
                0x0000000008003a74                ucg_DrawString
 .text.ucg_UpdateRefHeight
                0x0000000008003aec       0xd8 D:\Funix\IOT302 - Tong quan ve IOT & Lap trinh C nhung cho vi dieu khien\SDK_1.0.3_NUCLEO-F401RE\lib_stm\libLibraries.a(ucg_font.o)
                0x0000000008003aec                ucg_UpdateRefHeight
 .text.ucg_font_calc_vref_font
                0x0000000008003bc4       0x16 D:\Funix\IOT302 - Tong quan ve IOT & Lap trinh C nhung cho vi dieu khien\SDK_1.0.3_NUCLEO-F401RE\lib_stm\libLibraries.a(ucg_font.o)
                0x0000000008003bc4                ucg_font_calc_vref_font
 *fill*         0x0000000008003bda        0x2 
 .text.ucg_SetFontPosBaseline
                0x0000000008003bdc       0x20 D:\Funix\IOT302 - Tong quan ve IOT & Lap trinh C nhung cho vi dieu khien\SDK_1.0.3_NUCLEO-F401RE\lib_stm\libLibraries.a(ucg_font.o)
                0x0000000008003bdc                ucg_SetFontPosBaseline
 .text.ucg_SetFont
                0x0000000008003bfc       0x4c D:\Funix\IOT302 - Tong quan ve IOT & Lap trinh C nhung cho vi dieu khien\SDK_1.0.3_NUCLEO-F401RE\lib_stm\libLibraries.a(ucg_font.o)
                0x0000000008003bfc                ucg_SetFont
 .text.ucg_init_struct
                0x0000000008003c48       0x50 D:\Funix\IOT302 - Tong quan ve IOT & Lap trinh C nhung cho vi dieu khien\SDK_1.0.3_NUCLEO-F401RE\lib_stm\libLibraries.a(ucg_init.o)
                0x0000000008003c48                ucg_init_struct
 .text.ucg_Init
                0x0000000008003c98       0x5c D:\Funix\IOT302 - Tong quan ve IOT & Lap trinh C nhung cho vi dieu khien\SDK_1.0.3_NUCLEO-F401RE\lib_stm\libLibraries.a(ucg_init.o)
                0x0000000008003c98                ucg_Init
 .text.ucg_Draw90Line
                0x0000000008003cf4       0x88 D:\Funix\IOT302 - Tong quan ve IOT & Lap trinh C nhung cho vi dieu khien\SDK_1.0.3_NUCLEO-F401RE\lib_stm\libLibraries.a(ucg_line.o)
                0x0000000008003cf4                ucg_Draw90Line
 .text.ucg_DrawHLine
                0x0000000008003d7c       0x3e D:\Funix\IOT302 - Tong quan ve IOT & Lap trinh C nhung cho vi dieu khien\SDK_1.0.3_NUCLEO-F401RE\lib_stm\libLibraries.a(ucg_line.o)
                0x0000000008003d7c                ucg_DrawHLine
 .text.ucg_SetColor
                0x0000000008003dba       0x5c D:\Funix\IOT302 - Tong quan ve IOT & Lap trinh C nhung cho vi dieu khien\SDK_1.0.3_NUCLEO-F401RE\lib_stm\libLibraries.a(ucg_pixel.o)
                0x0000000008003dba                ucg_SetColor
 .text.ucg_UndoRotate
                0x0000000008003e16       0x32 D:\Funix\IOT302 - Tong quan ve IOT & Lap trinh C nhung cho vi dieu khien\SDK_1.0.3_NUCLEO-F401RE\lib_stm\libLibraries.a(ucg_rotate.o)
                0x0000000008003e16                ucg_UndoRotate
 .text.ucg_rotate_270_xy
                0x0000000008003e48       0x4a D:\Funix\IOT302 - Tong quan ve IOT & Lap trinh C nhung cho vi dieu khien\SDK_1.0.3_NUCLEO-F401RE\lib_stm\libLibraries.a(ucg_rotate.o)
 *fill*         0x0000000008003e92        0x2 
 .text.ucg_dev_rotate270
                0x0000000008003e94      0x100 D:\Funix\IOT302 - Tong quan ve IOT & Lap trinh C nhung cho vi dieu khien\SDK_1.0.3_NUCLEO-F401RE\lib_stm\libLibraries.a(ucg_rotate.o)
                0x0000000008003e94                ucg_dev_rotate270
 .text.ucg_SetRotate270
                0x0000000008003f94       0x34 D:\Funix\IOT302 - Tong quan ve IOT & Lap trinh C nhung cho vi dieu khien\SDK_1.0.3_NUCLEO-F401RE\lib_stm\libLibraries.a(ucg_rotate.o)
                0x0000000008003f94                ucg_SetRotate270
 .text.bufInit  0x0000000008003fc8       0x36 D:\Funix\IOT302 - Tong quan ve IOT & Lap trinh C nhung cho vi dieu khien\SDK_1.0.3_NUCLEO-F401RE\lib_stm\libLibraries.a(buff.o)
                0x0000000008003fc8                bufInit
 .text.bufNumItems
                0x0000000008003ffe       0x18 D:\Funix\IOT302 - Tong quan ve IOT & Lap trinh C nhung cho vi dieu khien\SDK_1.0.3_NUCLEO-F401RE\lib_stm\libLibraries.a(buff.o)
                0x0000000008003ffe                bufNumItems
 .text.bufIsFull
                0x0000000008004016       0x26 D:\Funix\IOT302 - Tong quan ve IOT & Lap trinh C nhung cho vi dieu khien\SDK_1.0.3_NUCLEO-F401RE\lib_stm\libLibraries.a(buff.o)
                0x0000000008004016                bufIsFull
 .text.bufIsEmpty
                0x000000000800403c       0x26 D:\Funix\IOT302 - Tong quan ve IOT & Lap trinh C nhung cho vi dieu khien\SDK_1.0.3_NUCLEO-F401RE\lib_stm\libLibraries.a(buff.o)
                0x000000000800403c                bufIsEmpty
 .text.bufFlush
                0x0000000008004062       0x32 D:\Funix\IOT302 - Tong quan ve IOT & Lap trinh C nhung cho vi dieu khien\SDK_1.0.3_NUCLEO-F401RE\lib_stm\libLibraries.a(buff.o)
                0x0000000008004062                bufFlush
 .text.bufEnDat
                0x0000000008004094       0x9c D:\Funix\IOT302 - Tong quan ve IOT & Lap trinh C nhung cho vi dieu khien\SDK_1.0.3_NUCLEO-F401RE\lib_stm\libLibraries.a(buff.o)
                0x0000000008004094                bufEnDat
 .text.bufDeDat
                0x0000000008004130       0x84 D:\Funix\IOT302 - Tong quan ve IOT & Lap trinh C nhung cho vi dieu khien\SDK_1.0.3_NUCLEO-F401RE\lib_stm\libLibraries.a(buff.o)
                0x0000000008004130                bufDeDat
 .text.memsetl  0x00000000080041b4       0x32 D:\Funix\IOT302 - Tong quan ve IOT & Lap trinh C nhung cho vi dieu khien\SDK_1.0.3_NUCLEO-F401RE\lib_stm\libLibraries.a(utilities.o)
                0x00000000080041b4                memsetl
 .text.ucg_clip_is_x_visible
                0x00000000080041e6       0x4a D:\Funix\IOT302 - Tong quan ve IOT & Lap trinh C nhung cho vi dieu khien\SDK_1.0.3_NUCLEO-F401RE\lib_stm\libLibraries.a(ucg_clip.o)
 .text.ucg_clip_is_y_visible
                0x0000000008004230       0x4a D:\Funix\IOT302 - Tong quan ve IOT & Lap trinh C nhung cho vi dieu khien\SDK_1.0.3_NUCLEO-F401RE\lib_stm\libLibraries.a(ucg_clip.o)
 .text.ucg_clip_intersection
                0x000000000800427a       0x74 D:\Funix\IOT302 - Tong quan ve IOT & Lap trinh C nhung cho vi dieu khien\SDK_1.0.3_NUCLEO-F401RE\lib_stm\libLibraries.a(ucg_clip.o)
 .text.ucg_clip_is_pixel_visible
                0x00000000080042ee       0x32 D:\Funix\IOT302 - Tong quan ve IOT & Lap trinh C nhung cho vi dieu khien\SDK_1.0.3_NUCLEO-F401RE\lib_stm\libLibraries.a(ucg_clip.o)
                0x00000000080042ee                ucg_clip_is_pixel_visible
 .text.ucg_clip_l90fx
                0x0000000008004320      0x300 D:\Funix\IOT302 - Tong quan ve IOT & Lap trinh C nhung cho vi dieu khien\SDK_1.0.3_NUCLEO-F401RE\lib_stm\libLibraries.a(ucg_clip.o)
                0x0000000008004320                ucg_clip_l90fx
 .text.ucg_clip_l90se
                0x0000000008004620       0x54 D:\Funix\IOT302 - Tong quan ve IOT & Lap trinh C nhung cho vi dieu khien\SDK_1.0.3_NUCLEO-F401RE\lib_stm\libLibraries.a(ucg_clip.o)
                0x0000000008004620                ucg_clip_l90se
 .text.ucg_com_PowerDown
                0x0000000008004674       0x3e D:\Funix\IOT302 - Tong quan ve IOT & Lap trinh C nhung cho vi dieu khien\SDK_1.0.3_NUCLEO-F401RE\lib_stm\libLibraries.a(ucg_com_msg_api.o)
                0x0000000008004674                ucg_com_PowerDown
 .text.ucg_com_PowerUp
                0x00000000080046b2       0x60 D:\Funix\IOT302 - Tong quan ve IOT & Lap trinh C nhung cho vi dieu khien\SDK_1.0.3_NUCLEO-F401RE\lib_stm\libLibraries.a(ucg_com_msg_api.o)
                0x00000000080046b2                ucg_com_PowerUp
 .text.ucg_com_SetLineStatus
                0x0000000008004712       0xe2 D:\Funix\IOT302 - Tong quan ve IOT & Lap trinh C nhung cho vi dieu khien\SDK_1.0.3_NUCLEO-F401RE\lib_stm\libLibraries.a(ucg_com_msg_api.o)
                0x0000000008004712                ucg_com_SetLineStatus
 .text.ucg_com_SetResetLineStatus
                0x00000000080047f4       0x20 D:\Funix\IOT302 - Tong quan ve IOT & Lap trinh C nhung cho vi dieu khien\SDK_1.0.3_NUCLEO-F401RE\lib_stm\libLibraries.a(ucg_com_msg_api.o)
                0x00000000080047f4                ucg_com_SetResetLineStatus
 .text.ucg_com_SetCSLineStatus
                0x0000000008004814       0x20 D:\Funix\IOT302 - Tong quan ve IOT & Lap trinh C nhung cho vi dieu khien\SDK_1.0.3_NUCLEO-F401RE\lib_stm\libLibraries.a(ucg_com_msg_api.o)
                0x0000000008004814                ucg_com_SetCSLineStatus
 .text.ucg_com_SetCDLineStatus
                0x0000000008004834       0x20 D:\Funix\IOT302 - Tong quan ve IOT & Lap trinh C nhung cho vi dieu khien\SDK_1.0.3_NUCLEO-F401RE\lib_stm\libLibraries.a(ucg_com_msg_api.o)
                0x0000000008004834                ucg_com_SetCDLineStatus
 .text.ucg_com_DelayMicroseconds
                0x0000000008004854       0x22 D:\Funix\IOT302 - Tong quan ve IOT & Lap trinh C nhung cho vi dieu khien\SDK_1.0.3_NUCLEO-F401RE\lib_stm\libLibraries.a(ucg_com_msg_api.o)
                0x0000000008004854                ucg_com_DelayMicroseconds
 .text.ucg_com_DelayMilliseconds
                0x0000000008004876       0x2c D:\Funix\IOT302 - Tong quan ve IOT & Lap trinh C nhung cho vi dieu khien\SDK_1.0.3_NUCLEO-F401RE\lib_stm\libLibraries.a(ucg_com_msg_api.o)
                0x0000000008004876                ucg_com_DelayMilliseconds
 .text.ucg_com_SendByte
                0x00000000080048a2       0x24 D:\Funix\IOT302 - Tong quan ve IOT & Lap trinh C nhung cho vi dieu khien\SDK_1.0.3_NUCLEO-F401RE\lib_stm\libLibraries.a(ucg_com_msg_api.o)
                0x00000000080048a2                ucg_com_SendByte
 .text.ucg_com_SendStringP
                0x00000000080048c6       0x40 D:\Funix\IOT302 - Tong quan ve IOT & Lap trinh C nhung cho vi dieu khien\SDK_1.0.3_NUCLEO-F401RE\lib_stm\libLibraries.a(ucg_com_msg_api.o)
                0x00000000080048c6                ucg_com_SendStringP
 .text.ucg_com_SendCmdArg
                0x0000000008004906       0x74 D:\Funix\IOT302 - Tong quan ve IOT & Lap trinh C nhung cho vi dieu khien\SDK_1.0.3_NUCLEO-F401RE\lib_stm\libLibraries.a(ucg_com_msg_api.o)
 *fill*         0x000000000800497a        0x2 
 .text.ucg_com_SendCmdSeq
                0x000000000800497c      0x278 D:\Funix\IOT302 - Tong quan ve IOT & Lap trinh C nhung cho vi dieu khien\SDK_1.0.3_NUCLEO-F401RE\lib_stm\libLibraries.a(ucg_com_msg_api.o)
                0x000000000800497c                ucg_com_SendCmdSeq
 .text.malloc   0x0000000008004bf4       0x10 D:/IDE/STM32 Cude IDE/STM32CubeIDE_1.13.2/STM32CubeIDE/plugins/com.st.stm32cube.ide.mcu.externaltools.gnu-tools-for-stm32.11.3.rel1.win32_1.1.1.202309131626/tools/bin/../lib/gcc/arm-none-eabi/11.3.1/../../../../arm-none-eabi/lib/thumb/v7e-m+fp/hard\libc_nano.a(libc_a-malloc.o)
                0x0000000008004bf4                malloc
 .text.sbrk_aligned
                0x0000000008004c04       0x40 D:/IDE/STM32 Cude IDE/STM32CubeIDE_1.13.2/STM32CubeIDE/plugins/com.st.stm32cube.ide.mcu.externaltools.gnu-tools-for-stm32.11.3.rel1.win32_1.1.1.202309131626/tools/bin/../lib/gcc/arm-none-eabi/11.3.1/../../../../arm-none-eabi/lib/thumb/v7e-m+fp/hard\libc_nano.a(libc_a-mallocr.o)
 .text._malloc_r
                0x0000000008004c44      0x100 D:/IDE/STM32 Cude IDE/STM32CubeIDE_1.13.2/STM32CubeIDE/plugins/com.st.stm32cube.ide.mcu.externaltools.gnu-tools-for-stm32.11.3.rel1.win32_1.1.1.202309131626/tools/bin/../lib/gcc/arm-none-eabi/11.3.1/../../../../arm-none-eabi/lib/thumb/v7e-m+fp/hard\libc_nano.a(libc_a-mallocr.o)
                0x0000000008004c44                _malloc_r
 .text.__malloc_lock
                0x0000000008004d44        0xc D:/IDE/STM32 Cude IDE/STM32CubeIDE_1.13.2/STM32CubeIDE/plugins/com.st.stm32cube.ide.mcu.externaltools.gnu-tools-for-stm32.11.3.rel1.win32_1.1.1.202309131626/tools/bin/../lib/gcc/arm-none-eabi/11.3.1/../../../../arm-none-eabi/lib/thumb/v7e-m+fp/hard\libc_nano.a(libc_a-mlock.o)
                0x0000000008004d44                __malloc_lock
 .text.__malloc_unlock
                0x0000000008004d50        0xc D:/IDE/STM32 Cude IDE/STM32CubeIDE_1.13.2/STM32CubeIDE/plugins/com.st.stm32cube.ide.mcu.externaltools.gnu-tools-for-stm32.11.3.rel1.win32_1.1.1.202309131626/tools/bin/../lib/gcc/arm-none-eabi/11.3.1/../../../../arm-none-eabi/lib/thumb/v7e-m+fp/hard\libc_nano.a(libc_a-mlock.o)
                0x0000000008004d50                __malloc_unlock
 .text.sprintf  0x0000000008004d5c       0x40 D:/IDE/STM32 Cude IDE/STM32CubeIDE_1.13.2/STM32CubeIDE/plugins/com.st.stm32cube.ide.mcu.externaltools.gnu-tools-for-stm32.11.3.rel1.win32_1.1.1.202309131626/tools/bin/../lib/gcc/arm-none-eabi/11.3.1/../../../../arm-none-eabi/lib/thumb/v7e-m+fp/hard\libc_nano.a(libc_a-sprintf.o)
                0x0000000008004d5c                siprintf
                0x0000000008004d5c                sprintf
 .text._sbrk_r  0x0000000008004d9c       0x20 D:/IDE/STM32 Cude IDE/STM32CubeIDE_1.13.2/STM32CubeIDE/plugins/com.st.stm32cube.ide.mcu.externaltools.gnu-tools-for-stm32.11.3.rel1.win32_1.1.1.202309131626/tools/bin/../lib/gcc/arm-none-eabi/11.3.1/../../../../arm-none-eabi/lib/thumb/v7e-m+fp/hard\libc_nano.a(libc_a-sbrkr.o)
                0x0000000008004d9c                _sbrk_r
 .text.__errno  0x0000000008004dbc        0xc D:/IDE/STM32 Cude IDE/STM32CubeIDE_1.13.2/STM32CubeIDE/plugins/com.st.stm32cube.ide.mcu.externaltools.gnu-tools-for-stm32.11.3.rel1.win32_1.1.1.202309131626/tools/bin/../lib/gcc/arm-none-eabi/11.3.1/../../../../arm-none-eabi/lib/thumb/v7e-m+fp/hard\libc_nano.a(libc_a-errno.o)
                0x0000000008004dbc                __errno
 .text.__libc_init_array
                0x0000000008004dc8       0x48 D:/IDE/STM32 Cude IDE/STM32CubeIDE_1.13.2/STM32CubeIDE/plugins/com.st.stm32cube.ide.mcu.externaltools.gnu-tools-for-stm32.11.3.rel1.win32_1.1.1.202309131626/tools/bin/../lib/gcc/arm-none-eabi/11.3.1/../../../../arm-none-eabi/lib/thumb/v7e-m+fp/hard\libc_nano.a(libc_a-init.o)
                0x0000000008004dc8                __libc_init_array
 .text.__retarget_lock_acquire_recursive
                0x0000000008004e10        0x2 D:/IDE/STM32 Cude IDE/STM32CubeIDE_1.13.2/STM32CubeIDE/plugins/com.st.stm32cube.ide.mcu.externaltools.gnu-tools-for-stm32.11.3.rel1.win32_1.1.1.202309131626/tools/bin/../lib/gcc/arm-none-eabi/11.3.1/../../../../arm-none-eabi/lib/thumb/v7e-m+fp/hard\libc_nano.a(libc_a-lock.o)
                0x0000000008004e10                __retarget_lock_acquire_recursive
 .text.__retarget_lock_release_recursive
                0x0000000008004e12        0x2 D:/IDE/STM32 Cude IDE/STM32CubeIDE_1.13.2/STM32CubeIDE/plugins/com.st.stm32cube.ide.mcu.externaltools.gnu-tools-for-stm32.11.3.rel1.win32_1.1.1.202309131626/tools/bin/../lib/gcc/arm-none-eabi/11.3.1/../../../../arm-none-eabi/lib/thumb/v7e-m+fp/hard\libc_nano.a(libc_a-lock.o)
                0x0000000008004e12                __retarget_lock_release_recursive
 .text._free_r  0x0000000008004e14       0x98 D:/IDE/STM32 Cude IDE/STM32CubeIDE_1.13.2/STM32CubeIDE/plugins/com.st.stm32cube.ide.mcu.externaltools.gnu-tools-for-stm32.11.3.rel1.win32_1.1.1.202309131626/tools/bin/../lib/gcc/arm-none-eabi/11.3.1/../../../../arm-none-eabi/lib/thumb/v7e-m+fp/hard\libc_nano.a(libc_a-freer.o)
                0x0000000008004e14                _free_r
 .text.__ssputs_r
                0x0000000008004eac       0xb4 D:/IDE/STM32 Cude IDE/STM32CubeIDE_1.13.2/STM32CubeIDE/plugins/com.st.stm32cube.ide.mcu.externaltools.gnu-tools-for-stm32.11.3.rel1.win32_1.1.1.202309131626/tools/bin/../lib/gcc/arm-none-eabi/11.3.1/../../../../arm-none-eabi/lib/thumb/v7e-m+fp/hard\libc_nano.a(libc_a-nano-svfprintf.o)
                0x0000000008004eac                __ssputs_r
 .text._svfprintf_r
                0x0000000008004f60      0x1fc D:/IDE/STM32 Cude IDE/STM32CubeIDE_1.13.2/STM32CubeIDE/plugins/com.st.stm32cube.ide.mcu.externaltools.gnu-tools-for-stm32.11.3.rel1.win32_1.1.1.202309131626/tools/bin/../lib/gcc/arm-none-eabi/11.3.1/../../../../arm-none-eabi/lib/thumb/v7e-m+fp/hard\libc_nano.a(libc_a-nano-svfprintf.o)
                0x0000000008004f60                _svfiprintf_r
                0x0000000008004f60                _svfprintf_r
 .text._printf_common
                0x000000000800515c       0xda D:/IDE/STM32 Cude IDE/STM32CubeIDE_1.13.2/STM32CubeIDE/plugins/com.st.stm32cube.ide.mcu.externaltools.gnu-tools-for-stm32.11.3.rel1.win32_1.1.1.202309131626/tools/bin/../lib/gcc/arm-none-eabi/11.3.1/../../../../arm-none-eabi/lib/thumb/v7e-m+fp/hard\libc_nano.a(libc_a-nano-vfprintf_i.o)
                0x000000000800515c                _printf_common
 *fill*         0x0000000008005236        0x2 
 .text._printf_i
                0x0000000008005238      0x244 D:/IDE/STM32 Cude IDE/STM32CubeIDE_1.13.2/STM32CubeIDE/plugins/com.st.stm32cube.ide.mcu.externaltools.gnu-tools-for-stm32.11.3.rel1.win32_1.1.1.202309131626/tools/bin/../lib/gcc/arm-none-eabi/11.3.1/../../../../arm-none-eabi/lib/thumb/v7e-m+fp/hard\libc_nano.a(libc_a-nano-vfprintf_i.o)
                0x0000000008005238                _printf_i
 .text.memmove  0x000000000800547c       0x34 D:/IDE/STM32 Cude IDE/STM32CubeIDE_1.13.2/STM32CubeIDE/plugins/com.st.stm32cube.ide.mcu.externaltools.gnu-tools-for-stm32.11.3.rel1.win32_1.1.1.202309131626/tools/bin/../lib/gcc/arm-none-eabi/11.3.1/../../../../arm-none-eabi/lib/thumb/v7e-m+fp/hard\libc_nano.a(libc_a-memmove.o)
                0x000000000800547c                memmove
 .text.memcpy   0x00000000080054b0       0x1c D:/IDE/STM32 Cude IDE/STM32CubeIDE_1.13.2/STM32CubeIDE/plugins/com.st.stm32cube.ide.mcu.externaltools.gnu-tools-for-stm32.11.3.rel1.win32_1.1.1.202309131626/tools/bin/../lib/gcc/arm-none-eabi/11.3.1/../../../../arm-none-eabi/lib/thumb/v7e-m+fp/hard\libc_nano.a(libc_a-memcpy-stub.o)
                0x00000000080054b0                memcpy
 .text._realloc_r
                0x00000000080054cc       0x5e D:/IDE/STM32 Cude IDE/STM32CubeIDE_1.13.2/STM32CubeIDE/plugins/com.st.stm32cube.ide.mcu.externaltools.gnu-tools-for-stm32.11.3.rel1.win32_1.1.1.202309131626/tools/bin/../lib/gcc/arm-none-eabi/11.3.1/../../../../arm-none-eabi/lib/thumb/v7e-m+fp/hard\libc_nano.a(libc_a-reallocr.o)
                0x00000000080054cc                _realloc_r
 .text._malloc_usable_size_r
                0x000000000800552a       0x10 D:/IDE/STM32 Cude IDE/STM32CubeIDE_1.13.2/STM32CubeIDE/plugins/com.st.stm32cube.ide.mcu.externaltools.gnu-tools-for-stm32.11.3.rel1.win32_1.1.1.202309131626/tools/bin/../lib/gcc/arm-none-eabi/11.3.1/../../../../arm-none-eabi/lib/thumb/v7e-m+fp/hard\libc_nano.a(libc_a-msizer.o)
                0x000000000800552a                _malloc_usable_size_r
 *(.glue_7)
 .glue_7        0x000000000800553a        0x0 linker stubs
 *(.glue_7t)
 .glue_7t       0x000000000800553a        0x0 linker stubs
 *(.eh_frame)
 *fill*         0x000000000800553a        0x2 
 .eh_frame      0x000000000800553c        0x0 D:/IDE/STM32 Cude IDE/STM32CubeIDE_1.13.2/STM32CubeIDE/plugins/com.st.stm32cube.ide.mcu.externaltools.gnu-tools-for-stm32.11.3.rel1.win32_1.1.1.202309131626/tools/bin/../lib/gcc/arm-none-eabi/11.3.1/thumb/v7e-m+fp/hard/crtbegin.o
 *(.init)
 .init          0x000000000800553c        0x4 D:/IDE/STM32 Cude IDE/STM32CubeIDE_1.13.2/STM32CubeIDE/plugins/com.st.stm32cube.ide.mcu.externaltools.gnu-tools-for-stm32.11.3.rel1.win32_1.1.1.202309131626/tools/bin/../lib/gcc/arm-none-eabi/11.3.1/thumb/v7e-m+fp/hard/crti.o
                0x000000000800553c                _init
 .init          0x0000000008005540        0x8 D:/IDE/STM32 Cude IDE/STM32CubeIDE_1.13.2/STM32CubeIDE/plugins/com.st.stm32cube.ide.mcu.externaltools.gnu-tools-for-stm32.11.3.rel1.win32_1.1.1.202309131626/tools/bin/../lib/gcc/arm-none-eabi/11.3.1/thumb/v7e-m+fp/hard/crtn.o
 *(.fini)
 .fini          0x0000000008005548        0x4 D:/IDE/STM32 Cude IDE/STM32CubeIDE_1.13.2/STM32CubeIDE/plugins/com.st.stm32cube.ide.mcu.externaltools.gnu-tools-for-stm32.11.3.rel1.win32_1.1.1.202309131626/tools/bin/../lib/gcc/arm-none-eabi/11.3.1/thumb/v7e-m+fp/hard/crti.o
                0x0000000008005548                _fini
 .fini          0x000000000800554c        0x8 D:/IDE/STM32 Cude IDE/STM32CubeIDE_1.13.2/STM32CubeIDE/plugins/com.st.stm32cube.ide.mcu.externaltools.gnu-tools-for-stm32.11.3.rel1.win32_1.1.1.202309131626/tools/bin/../lib/gcc/arm-none-eabi/11.3.1/thumb/v7e-m+fp/hard/crtn.o
                0x0000000008005554                . = ALIGN (0x4)
                0x0000000008005554                _etext = .

.vfp11_veneer   0x0000000008005554        0x0
 .vfp11_veneer  0x0000000008005554        0x0 linker stubs

.v4_bx          0x0000000008005554        0x0
 .v4_bx         0x0000000008005554        0x0 linker stubs

.iplt           0x0000000008005554        0x0
 .iplt          0x0000000008005554        0x0 D:/IDE/STM32 Cude IDE/STM32CubeIDE_1.13.2/STM32CubeIDE/plugins/com.st.stm32cube.ide.mcu.externaltools.gnu-tools-for-stm32.11.3.rel1.win32_1.1.1.202309131626/tools/bin/../lib/gcc/arm-none-eabi/11.3.1/thumb/v7e-m+fp/hard/crtbegin.o

.rodata         0x0000000008005554      0x6e4
                0x0000000008005554                . = ALIGN (0x4)
 *(.rodata)
 .rodata        0x0000000008005554       0x15 ./Src/DeviceManager.o
 *fill*         0x0000000008005569        0x3 
 .rodata        0x000000000800556c       0x80 ./Src/LCD.o
 .rodata        0x00000000080055ec       0x26 ./Src/USART.o
 *fill*         0x0000000008005612        0x2 
 .rodata        0x0000000008005614        0x1 D:\Funix\IOT302 - Tong quan ve IOT & Lap trinh C nhung cho vi dieu khien\SDK_1.0.3_NUCLEO-F401RE\lib_stm\libLibraries.a(button.o)
 *fill*         0x0000000008005615        0x3 
 .rodata        0x0000000008005618        0xf D:\Funix\IOT302 - Tong quan ve IOT & Lap trinh C nhung cho vi dieu khien\SDK_1.0.3_NUCLEO-F401RE\lib_stm\libLibraries.a(ucg_font.o)
 *(.rodata*)
 *fill*         0x0000000008005627        0x1 
 .rodata.ucg_st7735_set_pos_seq
                0x0000000008005628       0x1e D:\Funix\IOT302 - Tong quan ve IOT & Lap trinh C nhung cho vi dieu khien\SDK_1.0.3_NUCLEO-F401RE\lib_stm\libLibraries.a(ucg_dev_ic_st7735.o)
                0x0000000008005628                ucg_st7735_set_pos_seq
 *fill*         0x0000000008005646        0x2 
 .rodata.ucg_st7735_set_pos_dir0_seq
                0x0000000008005648       0x1e D:\Funix\IOT302 - Tong quan ve IOT & Lap trinh C nhung cho vi dieu khien\SDK_1.0.3_NUCLEO-F401RE\lib_stm\libLibraries.a(ucg_dev_ic_st7735.o)
                0x0000000008005648                ucg_st7735_set_pos_dir0_seq
 *fill*         0x0000000008005666        0x2 
 .rodata.ucg_st7735_set_pos_dir1_seq
                0x0000000008005668       0x21 D:\Funix\IOT302 - Tong quan ve IOT & Lap trinh C nhung cho vi dieu khien\SDK_1.0.3_NUCLEO-F401RE\lib_stm\libLibraries.a(ucg_dev_ic_st7735.o)
                0x0000000008005668                ucg_st7735_set_pos_dir1_seq
 *fill*         0x0000000008005689        0x3 
 .rodata.ucg_st7735_set_pos_dir2_seq
                0x000000000800568c       0x21 D:\Funix\IOT302 - Tong quan ve IOT & Lap trinh C nhung cho vi dieu khien\SDK_1.0.3_NUCLEO-F401RE\lib_stm\libLibraries.a(ucg_dev_ic_st7735.o)
                0x000000000800568c                ucg_st7735_set_pos_dir2_seq
 *fill*         0x00000000080056ad        0x3 
 .rodata.ucg_st7735_set_pos_dir3_seq
                0x00000000080056b0       0x24 D:\Funix\IOT302 - Tong quan ve IOT & Lap trinh C nhung cho vi dieu khien\SDK_1.0.3_NUCLEO-F401RE\lib_stm\libLibraries.a(ucg_dev_ic_st7735.o)
                0x00000000080056b0                ucg_st7735_set_pos_dir3_seq
 .rodata.ucg_st7735_power_down_seq
                0x00000000080056d4        0x7 D:\Funix\IOT302 - Tong quan ve IOT & Lap trinh C nhung cho vi dieu khien\SDK_1.0.3_NUCLEO-F401RE\lib_stm\libLibraries.a(ucg_dev_ic_st7735.o)
 *fill*         0x00000000080056db        0x1 
 .rodata.ucg_tft_128x160_st7735_init_seq
                0x00000000080056dc       0x2c D:\Funix\IOT302 - Tong quan ve IOT & Lap trinh C nhung cho vi dieu khien\SDK_1.0.3_NUCLEO-F401RE\lib_stm\libLibraries.a(ucg_dev_tft_128x128_st7735.o)
 .rodata.ucg_font_ncenR08_hr
                0x0000000008005708      0x4fd D:\Funix\IOT302 - Tong quan ve IOT & Lap trinh C nhung cho vi dieu khien\SDK_1.0.3_NUCLEO-F401RE\lib_stm\libLibraries.a(ucg_pixel_font_data.o)
                0x0000000008005708                ucg_font_ncenR08_hr
 .rodata._svfprintf_r.str1.1
                0x0000000008005c05       0x11 D:/IDE/STM32 Cude IDE/STM32CubeIDE_1.13.2/STM32CubeIDE/plugins/com.st.stm32cube.ide.mcu.externaltools.gnu-tools-for-stm32.11.3.rel1.win32_1.1.1.202309131626/tools/bin/../lib/gcc/arm-none-eabi/11.3.1/../../../../arm-none-eabi/lib/thumb/v7e-m+fp/hard\libc_nano.a(libc_a-nano-svfprintf.o)
 .rodata._printf_i.str1.1
                0x0000000008005c16       0x22 D:/IDE/STM32 Cude IDE/STM32CubeIDE_1.13.2/STM32CubeIDE/plugins/com.st.stm32cube.ide.mcu.externaltools.gnu-tools-for-stm32.11.3.rel1.win32_1.1.1.202309131626/tools/bin/../lib/gcc/arm-none-eabi/11.3.1/../../../../arm-none-eabi/lib/thumb/v7e-m+fp/hard\libc_nano.a(libc_a-nano-vfprintf_i.o)
                0x0000000008005c38                . = ALIGN (0x4)

.rel.dyn        0x0000000008005c38        0x0
 .rel.iplt      0x0000000008005c38        0x0 D:/IDE/STM32 Cude IDE/STM32CubeIDE_1.13.2/STM32CubeIDE/plugins/com.st.stm32cube.ide.mcu.externaltools.gnu-tools-for-stm32.11.3.rel1.win32_1.1.1.202309131626/tools/bin/../lib/gcc/arm-none-eabi/11.3.1/thumb/v7e-m+fp/hard/crtbegin.o

.ARM.extab      0x0000000008005c38        0x0
                0x0000000008005c38                . = ALIGN (0x4)
 *(.ARM.extab* .gnu.linkonce.armextab.*)
                0x0000000008005c38                . = ALIGN (0x4)

.ARM            0x0000000008005c38        0x0
                0x0000000008005c38                . = ALIGN (0x4)
                0x0000000008005c38                __exidx_start = .
 *(.ARM.exidx*)
                0x0000000008005c38                __exidx_end = .
                0x0000000008005c38                . = ALIGN (0x4)

.preinit_array  0x0000000008005c38        0x0
                0x0000000008005c38                . = ALIGN (0x4)
                0x0000000008005c38                PROVIDE (__preinit_array_start = .)
 *(.preinit_array*)
                0x0000000008005c38                PROVIDE (__preinit_array_end = .)
                0x0000000008005c38                . = ALIGN (0x4)

.init_array     0x0000000008005c38        0x4
                0x0000000008005c38                . = ALIGN (0x4)
                0x0000000008005c38                PROVIDE (__init_array_start = .)
 *(SORT_BY_NAME(.init_array.*))
 *(.init_array*)
 .init_array    0x0000000008005c38        0x4 D:/IDE/STM32 Cude IDE/STM32CubeIDE_1.13.2/STM32CubeIDE/plugins/com.st.stm32cube.ide.mcu.externaltools.gnu-tools-for-stm32.11.3.rel1.win32_1.1.1.202309131626/tools/bin/../lib/gcc/arm-none-eabi/11.3.1/thumb/v7e-m+fp/hard/crtbegin.o
                0x0000000008005c3c                PROVIDE (__init_array_end = .)
                0x0000000008005c3c                . = ALIGN (0x4)

.fini_array     0x0000000008005c3c        0x4
                0x0000000008005c3c                . = ALIGN (0x4)
                [!provide]                        PROVIDE (__fini_array_start = .)
 *(SORT_BY_NAME(.fini_array.*))
 *(.fini_array*)
 .fini_array    0x0000000008005c3c        0x4 D:/IDE/STM32 Cude IDE/STM32CubeIDE_1.13.2/STM32CubeIDE/plugins/com.st.stm32cube.ide.mcu.externaltools.gnu-tools-for-stm32.11.3.rel1.win32_1.1.1.202309131626/tools/bin/../lib/gcc/arm-none-eabi/11.3.1/thumb/v7e-m+fp/hard/crtbegin.o
                [!provide]                        PROVIDE (__fini_array_end = .)
                0x0000000008005c40                . = ALIGN (0x4)
                0x0000000008005c40                _sidata = LOADADDR (.data)

.data           0x0000000020000000       0xac load address 0x0000000008005c40
                0x0000000020000000                . = ALIGN (0x4)
                0x0000000020000000                _sdata = .
 *(.data)
 *(.data*)
 .data.s_idUpdateTimer
                0x0000000020000000        0x1 ./Src/DeviceManager.o
 .data.s_idProcessSerialTimer
                0x0000000020000001        0x1 ./Src/USART.o
 *fill*         0x0000000020000002        0x2 
 .data.SystemCoreClock
                0x0000000020000004        0x4 D:\Funix\IOT302 - Tong quan ve IOT & Lap trinh C nhung cho vi dieu khien\SDK_1.0.3_NUCLEO-F401RE\lib_stm\libLibraries.a(system_stm32f4xx.o)
                0x0000000020000004                SystemCoreClock
 .data.AHBPrescTable
                0x0000000020000008       0x10 D:\Funix\IOT302 - Tong quan ve IOT & Lap trinh C nhung cho vi dieu khien\SDK_1.0.3_NUCLEO-F401RE\lib_stm\libLibraries.a(system_stm32f4xx.o)
                0x0000000020000008                AHBPrescTable
 .data.APBAHBPrescTable
                0x0000000020000018       0x10 D:\Funix\IOT302 - Tong quan ve IOT & Lap trinh C nhung cho vi dieu khien\SDK_1.0.3_NUCLEO-F401RE\lib_stm\libLibraries.a(stm32f401re_rcc.o)
 .data.pinBtnPad
                0x0000000020000028       0x30 D:\Funix\IOT302 - Tong quan ve IOT & Lap trinh C nhung cho vi dieu khien\SDK_1.0.3_NUCLEO-F401RE\lib_stm\libLibraries.a(button.o)
 .data.idTaskScanButton
                0x0000000020000058        0x1 D:\Funix\IOT302 - Tong quan ve IOT & Lap trinh C nhung cho vi dieu khien\SDK_1.0.3_NUCLEO-F401RE\lib_stm\libLibraries.a(button.o)
 .data.idTaskScanDecodeLen
                0x0000000020000059        0x1 D:\Funix\IOT302 - Tong quan ve IOT & Lap trinh C nhung cho vi dieu khien\SDK_1.0.3_NUCLEO-F401RE\lib_stm\libLibraries.a(ucg_font.o)
 *fill*         0x000000002000005a        0x2 
 .data._impure_data
                0x000000002000005c       0x4c D:/IDE/STM32 Cude IDE/STM32CubeIDE_1.13.2/STM32CubeIDE/plugins/com.st.stm32cube.ide.mcu.externaltools.gnu-tools-for-stm32.11.3.rel1.win32_1.1.1.202309131626/tools/bin/../lib/gcc/arm-none-eabi/11.3.1/../../../../arm-none-eabi/lib/thumb/v7e-m+fp/hard\libc_nano.a(libc_a-impure.o)
                0x000000002000005c                _impure_data
 .data._impure_ptr
                0x00000000200000a8        0x4 D:/IDE/STM32 Cude IDE/STM32CubeIDE_1.13.2/STM32CubeIDE/plugins/com.st.stm32cube.ide.mcu.externaltools.gnu-tools-for-stm32.11.3.rel1.win32_1.1.1.202309131626/tools/bin/../lib/gcc/arm-none-eabi/11.3.1/../../../../arm-none-eabi/lib/thumb/v7e-m+fp/hard\libc_nano.a(libc_a-impure.o)
                0x00000000200000a8                _impure_ptr
 *(.RamFunc)
 *(.RamFunc*)
                0x00000000200000ac                . = ALIGN (0x4)
                0x00000000200000ac                _edata = .

.igot.plt       0x00000000200000ac        0x0 load address 0x0000000008005cec
 .igot.plt      0x00000000200000ac        0x0 D:/IDE/STM32 Cude IDE/STM32CubeIDE_1.13.2/STM32CubeIDE/plugins/com.st.stm32cube.ide.mcu.externaltools.gnu-tools-for-stm32.11.3.rel1.win32_1.1.1.202309131626/tools/bin/../lib/gcc/arm-none-eabi/11.3.1/thumb/v7e-m+fp/hard/crtbegin.o
                0x00000000200000ac                . = ALIGN (0x4)

.bss            0x00000000200000ac     0x1640 load address 0x0000000008005cec
                0x00000000200000ac                _sbss = .
                0x00000000200000ac                __bss_start__ = _sbss
 *(.bss)
 .bss           0x00000000200000ac       0x1c D:/IDE/STM32 Cude IDE/STM32CubeIDE_1.13.2/STM32CubeIDE/plugins/com.st.stm32cube.ide.mcu.externaltools.gnu-tools-for-stm32.11.3.rel1.win32_1.1.1.202309131626/tools/bin/../lib/gcc/arm-none-eabi/11.3.1/thumb/v7e-m+fp/hard/crtbegin.o
 *(.bss*)
 .bss.s_device  0x00000000200000c8        0xc ./Src/DeviceManager.o
 .bss.s_deviceHandler
                0x00000000200000d4        0x4 ./Src/DeviceManager.o
 .bss.s_ucg     0x00000000200000d8       0xb4 ./Src/LCD.o
 .bss.s_levelSrc
                0x000000002000018c       0x28 ./Src/LCD.o
 .bss.s_connectionSrc
                0x00000000200001b4       0x28 ./Src/LCD.o
 .bss.s_drawString
                0x00000000200001dc       0x28 ./Src/LCD.o
 .bss.s_curtainString
                0x0000000020000204       0x28 ./Src/LCD.o
 .bss.s_emptyString
                0x000000002000022c       0x28 ./Src/LCD.o
 .bss.usartRxHandler
                0x0000000020000254        0x4 ./Src/USART.o
 .bss.usartRxQueue
                0x0000000020000258        0x4 ./Src/USART.o
 .bss.sequence.0
                0x000000002000025c        0x1 ./Src/USART.o
 *fill*         0x000000002000025d        0x3 
 .bss.__sbrk_heap_end
                0x0000000020000260        0x4 ./Src/sysmem.o
 .bss.kpad      0x0000000020000264       0x78 D:\Funix\IOT302 - Tong quan ve IOT & Lap trinh C nhung cho vi dieu khien\SDK_1.0.3_NUCLEO-F401RE\lib_stm\libLibraries.a(button.o)
 .bss.pEventCallbacks
                0x00000000200002dc       0x10 D:\Funix\IOT302 - Tong quan ve IOT & Lap trinh C nhung cho vi dieu khien\SDK_1.0.3_NUCLEO-F401RE\lib_stm\libLibraries.a(button.o)
 .bss.pAppStateFunc
                0x00000000200002ec        0x4 D:\Funix\IOT302 - Tong quan ve IOT & Lap trinh C nhung cho vi dieu khien\SDK_1.0.3_NUCLEO-F401RE\lib_stm\libLibraries.a(eventman.o)
 .bss.pBuffEvent
                0x00000000200002f0      0x100 D:\Funix\IOT302 - Tong quan ve IOT & Lap trinh C nhung cho vi dieu khien\SDK_1.0.3_NUCLEO-F401RE\lib_stm\libLibraries.a(eventman.o)
 .bss.eventQueue
                0x00000000200003f0       0x10 D:\Funix\IOT302 - Tong quan ve IOT & Lap trinh C nhung cho vi dieu khien\SDK_1.0.3_NUCLEO-F401RE\lib_stm\libLibraries.a(eventman.o)
 .bss.g_pTimerHandle
                0x0000000020000400      0x180 D:\Funix\IOT302 - Tong quan ve IOT & Lap trinh C nhung cho vi dieu khien\SDK_1.0.3_NUCLEO-F401RE\lib_stm\libLibraries.a(timer.o)
 .bss.g_wMilSecTickTimer
                0x0000000020000580        0x4 D:\Funix\IOT302 - Tong quan ve IOT & Lap trinh C nhung cho vi dieu khien\SDK_1.0.3_NUCLEO-F401RE\lib_stm\libLibraries.a(timer.o)
 .bss.fontQueue
                0x0000000020000584       0x10 D:\Funix\IOT302 - Tong quan ve IOT & Lap trinh C nhung cho vi dieu khien\SDK_1.0.3_NUCLEO-F401RE\lib_stm\libLibraries.a(ucg_font.o)
 .bss.pQueueFont
                0x0000000020000594     0x1000 D:\Funix\IOT302 - Tong quan ve IOT & Lap trinh C nhung cho vi dieu khien\SDK_1.0.3_NUCLEO-F401RE\lib_stm\libLibraries.a(ucg_font.o)
 .bss.next.7562
                0x0000000020001594        0x1 D:\Funix\IOT302 - Tong quan ve IOT & Lap trinh C nhung cho vi dieu khien\SDK_1.0.3_NUCLEO-F401RE\lib_stm\libLibraries.a(ucg_font.o)
 *fill*         0x0000000020001595        0x3 
 .bss.__malloc_free_list
                0x0000000020001598        0x4 D:/IDE/STM32 Cude IDE/STM32CubeIDE_1.13.2/STM32CubeIDE/plugins/com.st.stm32cube.ide.mcu.externaltools.gnu-tools-for-stm32.11.3.rel1.win32_1.1.1.202309131626/tools/bin/../lib/gcc/arm-none-eabi/11.3.1/../../../../arm-none-eabi/lib/thumb/v7e-m+fp/hard\libc_nano.a(libc_a-mallocr.o)
                0x0000000020001598                __malloc_free_list
 .bss.__malloc_sbrk_start
                0x000000002000159c        0x4 D:/IDE/STM32 Cude IDE/STM32CubeIDE_1.13.2/STM32CubeIDE/plugins/com.st.stm32cube.ide.mcu.externaltools.gnu-tools-for-stm32.11.3.rel1.win32_1.1.1.202309131626/tools/bin/../lib/gcc/arm-none-eabi/11.3.1/../../../../arm-none-eabi/lib/thumb/v7e-m+fp/hard\libc_nano.a(libc_a-mallocr.o)
                0x000000002000159c                __malloc_sbrk_start
 .bss.__sf      0x00000000200015a0      0x138 D:/IDE/STM32 Cude IDE/STM32CubeIDE_1.13.2/STM32CubeIDE/plugins/com.st.stm32cube.ide.mcu.externaltools.gnu-tools-for-stm32.11.3.rel1.win32_1.1.1.202309131626/tools/bin/../lib/gcc/arm-none-eabi/11.3.1/../../../../arm-none-eabi/lib/thumb/v7e-m+fp/hard\libc_nano.a(libc_a-findfp.o)
                0x00000000200015a0                __sf
 .bss.errno     0x00000000200016d8        0x4 D:/IDE/STM32 Cude IDE/STM32CubeIDE_1.13.2/STM32CubeIDE/plugins/com.st.stm32cube.ide.mcu.externaltools.gnu-tools-for-stm32.11.3.rel1.win32_1.1.1.202309131626/tools/bin/../lib/gcc/arm-none-eabi/11.3.1/../../../../arm-none-eabi/lib/thumb/v7e-m+fp/hard\libc_nano.a(libc_a-reent.o)
                0x00000000200016d8                errno
 .bss.__lock___malloc_recursive_mutex
                0x00000000200016dc        0x1 D:/IDE/STM32 Cude IDE/STM32CubeIDE_1.13.2/STM32CubeIDE/plugins/com.st.stm32cube.ide.mcu.externaltools.gnu-tools-for-stm32.11.3.rel1.win32_1.1.1.202309131626/tools/bin/../lib/gcc/arm-none-eabi/11.3.1/../../../../arm-none-eabi/lib/thumb/v7e-m+fp/hard\libc_nano.a(libc_a-lock.o)
                0x00000000200016dc                __lock___malloc_recursive_mutex
 *(COMMON)
 *fill*         0x00000000200016dd        0x3 
 COMMON         0x00000000200016e0        0xc D:\Funix\IOT302 - Tong quan ve IOT & Lap trinh C nhung cho vi dieu khien\SDK_1.0.3_NUCLEO-F401RE\lib_stm\libLibraries.a(ucg_font.o)
                0x00000000200016e0                ucg_draw_str
                0x00000000200016ec                . = ALIGN (0x4)
                0x00000000200016ec                _ebss = .
                0x00000000200016ec                __bss_end__ = _ebss

._user_heap_stack
                0x00000000200016ec      0x604 load address 0x0000000008005cec
                0x00000000200016f0                . = ALIGN (0x8)
 *fill*         0x00000000200016ec        0x4 
                [!provide]                        PROVIDE (end = .)
                0x00000000200016f0                PROVIDE (_end = .)
                0x00000000200018f0                . = (. + _Min_Heap_Size)
 *fill*         0x00000000200016f0      0x200 
                0x0000000020001cf0                . = (. + _Min_Stack_Size)
 *fill*         0x00000000200018f0      0x400 
                0x0000000020001cf0                . = ALIGN (0x8)

/DISCARD/
 libc.a(*)
 libm.a(*)
 libgcc.a(*)

.ARM.attributes
                0x0000000000000000       0x30
 *(.ARM.attributes)
 .ARM.attributes
                0x0000000000000000       0x1e D:/IDE/STM32 Cude IDE/STM32CubeIDE_1.13.2/STM32CubeIDE/plugins/com.st.stm32cube.ide.mcu.externaltools.gnu-tools-for-stm32.11.3.rel1.win32_1.1.1.202309131626/tools/bin/../lib/gcc/arm-none-eabi/11.3.1/thumb/v7e-m+fp/hard/crti.o
 .ARM.attributes
                0x000000000000001e       0x34 D:/IDE/STM32 Cude IDE/STM32CubeIDE_1.13.2/STM32CubeIDE/plugins/com.st.stm32cube.ide.mcu.externaltools.gnu-tools-for-stm32.11.3.rel1.win32_1.1.1.202309131626/tools/bin/../lib/gcc/arm-none-eabi/11.3.1/thumb/v7e-m+fp/hard/crtbegin.o
 .ARM.attributes
                0x0000000000000052       0x34 ./Src/DeviceManager.o
 .ARM.attributes
                0x0000000000000086       0x34 ./Src/LCD.o
 .ARM.attributes
                0x00000000000000ba       0x34 ./Src/Queue.o
 .ARM.attributes
                0x00000000000000ee       0x34 ./Src/USART.o
 .ARM.attributes
                0x0000000000000122       0x34 ./Src/Utils.o
 .ARM.attributes
                0x0000000000000156       0x34 ./Src/main.o
 .ARM.attributes
                0x000000000000018a       0x34 ./Src/sysmem.o
 .ARM.attributes
                0x00000000000001be       0x21 ./Startup/startup_stm32f401retx.o
 .ARM.attributes
                0x00000000000001df       0x39 D:\Funix\IOT302 - Tong quan ve IOT & Lap trinh C nhung cho vi dieu khien\SDK_1.0.3_NUCLEO-F401RE\lib_stm\libLibraries.a(system_stm32f4xx.o)
 .ARM.attributes
                0x0000000000000218       0x39 D:\Funix\IOT302 - Tong quan ve IOT & Lap trinh C nhung cho vi dieu khien\SDK_1.0.3_NUCLEO-F401RE\lib_stm\libLibraries.a(misc.o)
 .ARM.attributes
                0x0000000000000251       0x39 D:\Funix\IOT302 - Tong quan ve IOT & Lap trinh C nhung cho vi dieu khien\SDK_1.0.3_NUCLEO-F401RE\lib_stm\libLibraries.a(stm32f401re_gpio.o)
 .ARM.attributes
                0x000000000000028a       0x39 D:\Funix\IOT302 - Tong quan ve IOT & Lap trinh C nhung cho vi dieu khien\SDK_1.0.3_NUCLEO-F401RE\lib_stm\libLibraries.a(stm32f401re_rcc.o)
 .ARM.attributes
                0x00000000000002c3       0x39 D:\Funix\IOT302 - Tong quan ve IOT & Lap trinh C nhung cho vi dieu khien\SDK_1.0.3_NUCLEO-F401RE\lib_stm\libLibraries.a(stm32f401re_usart.o)
 .ARM.attributes
                0x00000000000002fc       0x39 D:\Funix\IOT302 - Tong quan ve IOT & Lap trinh C nhung cho vi dieu khien\SDK_1.0.3_NUCLEO-F401RE\lib_stm\libLibraries.a(button.o)
 .ARM.attributes
                0x0000000000000335       0x39 D:\Funix\IOT302 - Tong quan ve IOT & Lap trinh C nhung cho vi dieu khien\SDK_1.0.3_NUCLEO-F401RE\lib_stm\libLibraries.a(eventbutton.o)
 .ARM.attributes
                0x000000000000036e       0x39 D:\Funix\IOT302 - Tong quan ve IOT & Lap trinh C nhung cho vi dieu khien\SDK_1.0.3_NUCLEO-F401RE\lib_stm\libLibraries.a(eventman.o)
 .ARM.attributes
                0x00000000000003a7       0x39 D:\Funix\IOT302 - Tong quan ve IOT & Lap trinh C nhung cho vi dieu khien\SDK_1.0.3_NUCLEO-F401RE\lib_stm\libLibraries.a(timer.o)
 .ARM.attributes
                0x00000000000003e0       0x39 D:\Funix\IOT302 - Tong quan ve IOT & Lap trinh C nhung cho vi dieu khien\SDK_1.0.3_NUCLEO-F401RE\lib_stm\libLibraries.a(Ucglib.o)
 .ARM.attributes
                0x0000000000000419       0x39 D:\Funix\IOT302 - Tong quan ve IOT & Lap trinh C nhung cho vi dieu khien\SDK_1.0.3_NUCLEO-F401RE\lib_stm\libLibraries.a(ucg_box.o)
 .ARM.attributes
                0x0000000000000452       0x39 D:\Funix\IOT302 - Tong quan ve IOT & Lap trinh C nhung cho vi dieu khien\SDK_1.0.3_NUCLEO-F401RE\lib_stm\libLibraries.a(ucg_ccs.o)
 .ARM.attributes
                0x000000000000048b       0x39 D:\Funix\IOT302 - Tong quan ve IOT & Lap trinh C nhung cho vi dieu khien\SDK_1.0.3_NUCLEO-F401RE\lib_stm\libLibraries.a(ucg_dev_default_cb.o)
 .ARM.attributes
                0x00000000000004c4       0x39 D:\Funix\IOT302 - Tong quan ve IOT & Lap trinh C nhung cho vi dieu khien\SDK_1.0.3_NUCLEO-F401RE\lib_stm\libLibraries.a(ucg_dev_ic_st7735.o)
 .ARM.attributes
                0x00000000000004fd       0x39 D:\Funix\IOT302 - Tong quan ve IOT & Lap trinh C nhung cho vi dieu khien\SDK_1.0.3_NUCLEO-F401RE\lib_stm\libLibraries.a(ucg_dev_msg_api.o)
 .ARM.attributes
                0x0000000000000536       0x39 D:\Funix\IOT302 - Tong quan ve IOT & Lap trinh C nhung cho vi dieu khien\SDK_1.0.3_NUCLEO-F401RE\lib_stm\libLibraries.a(ucg_dev_tft_128x128_st7735.o)
 .ARM.attributes
                0x000000000000056f       0x39 D:\Funix\IOT302 - Tong quan ve IOT & Lap trinh C nhung cho vi dieu khien\SDK_1.0.3_NUCLEO-F401RE\lib_stm\libLibraries.a(ucg_font.o)
 .ARM.attributes
                0x00000000000005a8       0x39 D:\Funix\IOT302 - Tong quan ve IOT & Lap trinh C nhung cho vi dieu khien\SDK_1.0.3_NUCLEO-F401RE\lib_stm\libLibraries.a(ucg_init.o)
 .ARM.attributes
                0x00000000000005e1       0x39 D:\Funix\IOT302 - Tong quan ve IOT & Lap trinh C nhung cho vi dieu khien\SDK_1.0.3_NUCLEO-F401RE\lib_stm\libLibraries.a(ucg_line.o)
 .ARM.attributes
                0x000000000000061a       0x39 D:\Funix\IOT302 - Tong quan ve IOT & Lap trinh C nhung cho vi dieu khien\SDK_1.0.3_NUCLEO-F401RE\lib_stm\libLibraries.a(ucg_pixel.o)
 .ARM.attributes
                0x0000000000000653       0x39 D:\Funix\IOT302 - Tong quan ve IOT & Lap trinh C nhung cho vi dieu khien\SDK_1.0.3_NUCLEO-F401RE\lib_stm\libLibraries.a(ucg_pixel_font_data.o)
 .ARM.attributes
                0x000000000000068c       0x39 D:\Funix\IOT302 - Tong quan ve IOT & Lap trinh C nhung cho vi dieu khien\SDK_1.0.3_NUCLEO-F401RE\lib_stm\libLibraries.a(ucg_rotate.o)
 .ARM.attributes
                0x00000000000006c5       0x39 D:\Funix\IOT302 - Tong quan ve IOT & Lap trinh C nhung cho vi dieu khien\SDK_1.0.3_NUCLEO-F401RE\lib_stm\libLibraries.a(buff.o)
 .ARM.attributes
                0x00000000000006fe       0x39 D:\Funix\IOT302 - Tong quan ve IOT & Lap trinh C nhung cho vi dieu khien\SDK_1.0.3_NUCLEO-F401RE\lib_stm\libLibraries.a(utilities.o)
 .ARM.attributes
                0x0000000000000737       0x39 D:\Funix\IOT302 - Tong quan ve IOT & Lap trinh C nhung cho vi dieu khien\SDK_1.0.3_NUCLEO-F401RE\lib_stm\libLibraries.a(ucg_clip.o)
 .ARM.attributes
                0x0000000000000770       0x39 D:\Funix\IOT302 - Tong quan ve IOT & Lap trinh C nhung cho vi dieu khien\SDK_1.0.3_NUCLEO-F401RE\lib_stm\libLibraries.a(ucg_com_msg_api.o)
 .ARM.attributes
                0x00000000000007a9       0x34 D:/IDE/STM32 Cude IDE/STM32CubeIDE_1.13.2/STM32CubeIDE/plugins/com.st.stm32cube.ide.mcu.externaltools.gnu-tools-for-stm32.11.3.rel1.win32_1.1.1.202309131626/tools/bin/../lib/gcc/arm-none-eabi/11.3.1/../../../../arm-none-eabi/lib/thumb/v7e-m+fp/hard\libc_nano.a(libc_a-malloc.o)
 .ARM.attributes
                0x00000000000007dd       0x34 D:/IDE/STM32 Cude IDE/STM32CubeIDE_1.13.2/STM32CubeIDE/plugins/com.st.stm32cube.ide.mcu.externaltools.gnu-tools-for-stm32.11.3.rel1.win32_1.1.1.202309131626/tools/bin/../lib/gcc/arm-none-eabi/11.3.1/../../../../arm-none-eabi/lib/thumb/v7e-m+fp/hard\libc_nano.a(libc_a-mallocr.o)
 .ARM.attributes
                0x0000000000000811       0x34 D:/IDE/STM32 Cude IDE/STM32CubeIDE_1.13.2/STM32CubeIDE/plugins/com.st.stm32cube.ide.mcu.externaltools.gnu-tools-for-stm32.11.3.rel1.win32_1.1.1.202309131626/tools/bin/../lib/gcc/arm-none-eabi/11.3.1/../../../../arm-none-eabi/lib/thumb/v7e-m+fp/hard\libc_nano.a(libc_a-mlock.o)
 .ARM.attributes
                0x0000000000000845       0x34 D:/IDE/STM32 Cude IDE/STM32CubeIDE_1.13.2/STM32CubeIDE/plugins/com.st.stm32cube.ide.mcu.externaltools.gnu-tools-for-stm32.11.3.rel1.win32_1.1.1.202309131626/tools/bin/../lib/gcc/arm-none-eabi/11.3.1/../../../../arm-none-eabi/lib/thumb/v7e-m+fp/hard\libc_nano.a(libc_a-findfp.o)
 .ARM.attributes
                0x0000000000000879       0x34 D:/IDE/STM32 Cude IDE/STM32CubeIDE_1.13.2/STM32CubeIDE/plugins/com.st.stm32cube.ide.mcu.externaltools.gnu-tools-for-stm32.11.3.rel1.win32_1.1.1.202309131626/tools/bin/../lib/gcc/arm-none-eabi/11.3.1/../../../../arm-none-eabi/lib/thumb/v7e-m+fp/hard\libc_nano.a(libc_a-sprintf.o)
 .ARM.attributes
                0x00000000000008ad       0x34 D:/IDE/STM32 Cude IDE/STM32CubeIDE_1.13.2/STM32CubeIDE/plugins/com.st.stm32cube.ide.mcu.externaltools.gnu-tools-for-stm32.11.3.rel1.win32_1.1.1.202309131626/tools/bin/../lib/gcc/arm-none-eabi/11.3.1/../../../../arm-none-eabi/lib/thumb/v7e-m+fp/hard\libc_nano.a(libc_a-reent.o)
 .ARM.attributes
                0x00000000000008e1       0x34 D:/IDE/STM32 Cude IDE/STM32CubeIDE_1.13.2/STM32CubeIDE/plugins/com.st.stm32cube.ide.mcu.externaltools.gnu-tools-for-stm32.11.3.rel1.win32_1.1.1.202309131626/tools/bin/../lib/gcc/arm-none-eabi/11.3.1/../../../../arm-none-eabi/lib/thumb/v7e-m+fp/hard\libc_nano.a(libc_a-impure.o)
 .ARM.attributes
                0x0000000000000915       0x34 D:/IDE/STM32 Cude IDE/STM32CubeIDE_1.13.2/STM32CubeIDE/plugins/com.st.stm32cube.ide.mcu.externaltools.gnu-tools-for-stm32.11.3.rel1.win32_1.1.1.202309131626/tools/bin/../lib/gcc/arm-none-eabi/11.3.1/../../../../arm-none-eabi/lib/thumb/v7e-m+fp/hard\libc_nano.a(libc_a-sbrkr.o)
 .ARM.attributes
                0x0000000000000949       0x34 D:/IDE/STM32 Cude IDE/STM32CubeIDE_1.13.2/STM32CubeIDE/plugins/com.st.stm32cube.ide.mcu.externaltools.gnu-tools-for-stm32.11.3.rel1.win32_1.1.1.202309131626/tools/bin/../lib/gcc/arm-none-eabi/11.3.1/../../../../arm-none-eabi/lib/thumb/v7e-m+fp/hard\libc_nano.a(libc_a-errno.o)
 .ARM.attributes
                0x000000000000097d       0x34 D:/IDE/STM32 Cude IDE/STM32CubeIDE_1.13.2/STM32CubeIDE/plugins/com.st.stm32cube.ide.mcu.externaltools.gnu-tools-for-stm32.11.3.rel1.win32_1.1.1.202309131626/tools/bin/../lib/gcc/arm-none-eabi/11.3.1/../../../../arm-none-eabi/lib/thumb/v7e-m+fp/hard\libc_nano.a(libc_a-init.o)
 .ARM.attributes
                0x00000000000009b1       0x34 D:/IDE/STM32 Cude IDE/STM32CubeIDE_1.13.2/STM32CubeIDE/plugins/com.st.stm32cube.ide.mcu.externaltools.gnu-tools-for-stm32.11.3.rel1.win32_1.1.1.202309131626/tools/bin/../lib/gcc/arm-none-eabi/11.3.1/../../../../arm-none-eabi/lib/thumb/v7e-m+fp/hard\libc_nano.a(libc_a-lock.o)
 .ARM.attributes
                0x00000000000009e5       0x34 D:/IDE/STM32 Cude IDE/STM32CubeIDE_1.13.2/STM32CubeIDE/plugins/com.st.stm32cube.ide.mcu.externaltools.gnu-tools-for-stm32.11.3.rel1.win32_1.1.1.202309131626/tools/bin/../lib/gcc/arm-none-eabi/11.3.1/../../../../arm-none-eabi/lib/thumb/v7e-m+fp/hard\libc_nano.a(libc_a-freer.o)
 .ARM.attributes
                0x0000000000000a19       0x34 D:/IDE/STM32 Cude IDE/STM32CubeIDE_1.13.2/STM32CubeIDE/plugins/com.st.stm32cube.ide.mcu.externaltools.gnu-tools-for-stm32.11.3.rel1.win32_1.1.1.202309131626/tools/bin/../lib/gcc/arm-none-eabi/11.3.1/../../../../arm-none-eabi/lib/thumb/v7e-m+fp/hard\libc_nano.a(libc_a-nano-svfprintf.o)
 .ARM.attributes
                0x0000000000000a4d       0x34 D:/IDE/STM32 Cude IDE/STM32CubeIDE_1.13.2/STM32CubeIDE/plugins/com.st.stm32cube.ide.mcu.externaltools.gnu-tools-for-stm32.11.3.rel1.win32_1.1.1.202309131626/tools/bin/../lib/gcc/arm-none-eabi/11.3.1/../../../../arm-none-eabi/lib/thumb/v7e-m+fp/hard\libc_nano.a(libc_a-nano-vfprintf_i.o)
 .ARM.attributes
                0x0000000000000a81       0x34 D:/IDE/STM32 Cude IDE/STM32CubeIDE_1.13.2/STM32CubeIDE/plugins/com.st.stm32cube.ide.mcu.externaltools.gnu-tools-for-stm32.11.3.rel1.win32_1.1.1.202309131626/tools/bin/../lib/gcc/arm-none-eabi/11.3.1/../../../../arm-none-eabi/lib/thumb/v7e-m+fp/hard\libc_nano.a(libc_a-memmove.o)
 .ARM.attributes
                0x0000000000000ab5       0x1c D:/IDE/STM32 Cude IDE/STM32CubeIDE_1.13.2/STM32CubeIDE/plugins/com.st.stm32cube.ide.mcu.externaltools.gnu-tools-for-stm32.11.3.rel1.win32_1.1.1.202309131626/tools/bin/../lib/gcc/arm-none-eabi/11.3.1/../../../../arm-none-eabi/lib/thumb/v7e-m+fp/hard\libc_nano.a(libc_a-memchr.o)
 .ARM.attributes
                0x0000000000000ad1       0x34 D:/IDE/STM32 Cude IDE/STM32CubeIDE_1.13.2/STM32CubeIDE/plugins/com.st.stm32cube.ide.mcu.externaltools.gnu-tools-for-stm32.11.3.rel1.win32_1.1.1.202309131626/tools/bin/../lib/gcc/arm-none-eabi/11.3.1/../../../../arm-none-eabi/lib/thumb/v7e-m+fp/hard\libc_nano.a(libc_a-memcpy-stub.o)
 .ARM.attributes
                0x0000000000000b05       0x34 D:/IDE/STM32 Cude IDE/STM32CubeIDE_1.13.2/STM32CubeIDE/plugins/com.st.stm32cube.ide.mcu.externaltools.gnu-tools-for-stm32.11.3.rel1.win32_1.1.1.202309131626/tools/bin/../lib/gcc/arm-none-eabi/11.3.1/../../../../arm-none-eabi/lib/thumb/v7e-m+fp/hard\libc_nano.a(libc_a-reallocr.o)
 .ARM.attributes
                0x0000000000000b39       0x34 D:/IDE/STM32 Cude IDE/STM32CubeIDE_1.13.2/STM32CubeIDE/plugins/com.st.stm32cube.ide.mcu.externaltools.gnu-tools-for-stm32.11.3.rel1.win32_1.1.1.202309131626/tools/bin/../lib/gcc/arm-none-eabi/11.3.1/../../../../arm-none-eabi/lib/thumb/v7e-m+fp/hard\libc_nano.a(libc_a-msizer.o)
 .ARM.attributes
                0x0000000000000b6d       0x1e D:/IDE/STM32 Cude IDE/STM32CubeIDE_1.13.2/STM32CubeIDE/plugins/com.st.stm32cube.ide.mcu.externaltools.gnu-tools-for-stm32.11.3.rel1.win32_1.1.1.202309131626/tools/bin/../lib/gcc/arm-none-eabi/11.3.1/thumb/v7e-m+fp/hard/crtn.o
OUTPUT(STM32_Curtain_Controller.elf elf32-littlearm)
LOAD linker stubs
LOAD D:/IDE/STM32 Cude IDE/STM32CubeIDE_1.13.2/STM32CubeIDE/plugins/com.st.stm32cube.ide.mcu.externaltools.gnu-tools-for-stm32.11.3.rel1.win32_1.1.1.202309131626/tools/bin/../lib/gcc/arm-none-eabi/11.3.1/../../../../arm-none-eabi/lib/thumb/v7e-m+fp/hard\libc.a
LOAD D:/IDE/STM32 Cude IDE/STM32CubeIDE_1.13.2/STM32CubeIDE/plugins/com.st.stm32cube.ide.mcu.externaltools.gnu-tools-for-stm32.11.3.rel1.win32_1.1.1.202309131626/tools/bin/../lib/gcc/arm-none-eabi/11.3.1/../../../../arm-none-eabi/lib/thumb/v7e-m+fp/hard\libm.a
LOAD D:/IDE/STM32 Cude IDE/STM32CubeIDE_1.13.2/STM32CubeIDE/plugins/com.st.stm32cube.ide.mcu.externaltools.gnu-tools-for-stm32.11.3.rel1.win32_1.1.1.202309131626/tools/bin/../lib/gcc/arm-none-eabi/11.3.1/thumb/v7e-m+fp/hard\libgcc.a

.comment        0x0000000000000000       0xbe
 .comment       0x0000000000000000       0x43 D:/IDE/STM32 Cude IDE/STM32CubeIDE_1.13.2/STM32CubeIDE/plugins/com.st.stm32cube.ide.mcu.externaltools.gnu-tools-for-stm32.11.3.rel1.win32_1.1.1.202309131626/tools/bin/../lib/gcc/arm-none-eabi/11.3.1/thumb/v7e-m+fp/hard/crtbegin.o
                                         0x44 (size before relaxing)
 .comment       0x0000000000000043       0x44 ./Src/DeviceManager.o
 .comment       0x0000000000000043       0x44 ./Src/LCD.o
 .comment       0x0000000000000043       0x44 ./Src/Queue.o
 .comment       0x0000000000000043       0x44 ./Src/USART.o
 .comment       0x0000000000000043       0x44 ./Src/Utils.o
 .comment       0x0000000000000043       0x44 ./Src/main.o
 .comment       0x0000000000000043       0x44 ./Src/sysmem.o
 .comment       0x0000000000000043       0x7b D:\Funix\IOT302 - Tong quan ve IOT & Lap trinh C nhung cho vi dieu khien\SDK_1.0.3_NUCLEO-F401RE\lib_stm\libLibraries.a(system_stm32f4xx.o)
                                         0x7c (size before relaxing)
 .comment       0x00000000000000be       0x7c D:\Funix\IOT302 - Tong quan ve IOT & Lap trinh C nhung cho vi dieu khien\SDK_1.0.3_NUCLEO-F401RE\lib_stm\libLibraries.a(misc.o)
 .comment       0x00000000000000be       0x7c D:\Funix\IOT302 - Tong quan ve IOT & Lap trinh C nhung cho vi dieu khien\SDK_1.0.3_NUCLEO-F401RE\lib_stm\libLibraries.a(stm32f401re_gpio.o)
 .comment       0x00000000000000be       0x7c D:\Funix\IOT302 - Tong quan ve IOT & Lap trinh C nhung cho vi dieu khien\SDK_1.0.3_NUCLEO-F401RE\lib_stm\libLibraries.a(stm32f401re_rcc.o)
 .comment       0x00000000000000be       0x7c D:\Funix\IOT302 - Tong quan ve IOT & Lap trinh C nhung cho vi dieu khien\SDK_1.0.3_NUCLEO-F401RE\lib_stm\libLibraries.a(stm32f401re_usart.o)
 .comment       0x00000000000000be       0x7c D:\Funix\IOT302 - Tong quan ve IOT & Lap trinh C nhung cho vi dieu khien\SDK_1.0.3_NUCLEO-F401RE\lib_stm\libLibraries.a(button.o)
 .comment       0x00000000000000be       0x7c D:\Funix\IOT302 - Tong quan ve IOT & Lap trinh C nhung cho vi dieu khien\SDK_1.0.3_NUCLEO-F401RE\lib_stm\libLibraries.a(eventbutton.o)
 .comment       0x00000000000000be       0x7c D:\Funix\IOT302 - Tong quan ve IOT & Lap trinh C nhung cho vi dieu khien\SDK_1.0.3_NUCLEO-F401RE\lib_stm\libLibraries.a(eventman.o)
 .comment       0x00000000000000be       0x7c D:\Funix\IOT302 - Tong quan ve IOT & Lap trinh C nhung cho vi dieu khien\SDK_1.0.3_NUCLEO-F401RE\lib_stm\libLibraries.a(timer.o)
 .comment       0x00000000000000be       0x7c D:\Funix\IOT302 - Tong quan ve IOT & Lap trinh C nhung cho vi dieu khien\SDK_1.0.3_NUCLEO-F401RE\lib_stm\libLibraries.a(Ucglib.o)
 .comment       0x00000000000000be       0x7c D:\Funix\IOT302 - Tong quan ve IOT & Lap trinh C nhung cho vi dieu khien\SDK_1.0.3_NUCLEO-F401RE\lib_stm\libLibraries.a(ucg_box.o)
 .comment       0x00000000000000be       0x7c D:\Funix\IOT302 - Tong quan ve IOT & Lap trinh C nhung cho vi dieu khien\SDK_1.0.3_NUCLEO-F401RE\lib_stm\libLibraries.a(ucg_ccs.o)
 .comment       0x00000000000000be       0x7c D:\Funix\IOT302 - Tong quan ve IOT & Lap trinh C nhung cho vi dieu khien\SDK_1.0.3_NUCLEO-F401RE\lib_stm\libLibraries.a(ucg_dev_default_cb.o)
 .comment       0x00000000000000be       0x7c D:\Funix\IOT302 - Tong quan ve IOT & Lap trinh C nhung cho vi dieu khien\SDK_1.0.3_NUCLEO-F401RE\lib_stm\libLibraries.a(ucg_dev_ic_st7735.o)
 .comment       0x00000000000000be       0x7c D:\Funix\IOT302 - Tong quan ve IOT & Lap trinh C nhung cho vi dieu khien\SDK_1.0.3_NUCLEO-F401RE\lib_stm\libLibraries.a(ucg_dev_msg_api.o)
 .comment       0x00000000000000be       0x7c D:\Funix\IOT302 - Tong quan ve IOT & Lap trinh C nhung cho vi dieu khien\SDK_1.0.3_NUCLEO-F401RE\lib_stm\libLibraries.a(ucg_dev_tft_128x128_st7735.o)
 .comment       0x00000000000000be       0x7c D:\Funix\IOT302 - Tong quan ve IOT & Lap trinh C nhung cho vi dieu khien\SDK_1.0.3_NUCLEO-F401RE\lib_stm\libLibraries.a(ucg_font.o)
 .comment       0x00000000000000be       0x7c D:\Funix\IOT302 - Tong quan ve IOT & Lap trinh C nhung cho vi dieu khien\SDK_1.0.3_NUCLEO-F401RE\lib_stm\libLibraries.a(ucg_init.o)
 .comment       0x00000000000000be       0x7c D:\Funix\IOT302 - Tong quan ve IOT & Lap trinh C nhung cho vi dieu khien\SDK_1.0.3_NUCLEO-F401RE\lib_stm\libLibraries.a(ucg_line.o)
 .comment       0x00000000000000be       0x7c D:\Funix\IOT302 - Tong quan ve IOT & Lap trinh C nhung cho vi dieu khien\SDK_1.0.3_NUCLEO-F401RE\lib_stm\libLibraries.a(ucg_pixel.o)
 .comment       0x00000000000000be       0x7c D:\Funix\IOT302 - Tong quan ve IOT & Lap trinh C nhung cho vi dieu khien\SDK_1.0.3_NUCLEO-F401RE\lib_stm\libLibraries.a(ucg_pixel_font_data.o)
 .comment       0x00000000000000be       0x7c D:\Funix\IOT302 - Tong quan ve IOT & Lap trinh C nhung cho vi dieu khien\SDK_1.0.3_NUCLEO-F401RE\lib_stm\libLibraries.a(ucg_rotate.o)
 .comment       0x00000000000000be       0x7c D:\Funix\IOT302 - Tong quan ve IOT & Lap trinh C nhung cho vi dieu khien\SDK_1.0.3_NUCLEO-F401RE\lib_stm\libLibraries.a(buff.o)